<?xml version="1.0" encoding="ISO-8859-1" ?>
<link_info>
   <banner>TI ARM Linker PC v18.1.1.LTS</banner>
   <copyright>Copyright (c) 1996-2017 Texas Instruments Incorporated</copyright>
   <link_time>0x5d1e42b3</link_time>
   <link_errors>0x0</link_errors>
   <output_file>FreeRTOS_Tiva.out</output_file>
   <entry_point>
      <name>_c_int00_noargs</name>
      <address>0x2d91</address>
   </entry_point>
   <input_file_list>
      <input_file id="fl-2">
         <path>.\</path>
         <kind>object</kind>
         <file>main.obj</file>
         <name>main.obj</name>
      </input_file>
      <input_file id="fl-3">
         <path>.\CAN\</path>
         <kind>object</kind>
         <file>CAN.obj</file>
         <name>CAN.obj</name>
      </input_file>
      <input_file id="fl-4">
         <path>.\FreeRTOS_Files\</path>
         <kind>object</kind>
         <file>croutine.obj</file>
         <name>croutine.obj</name>
      </input_file>
      <input_file id="fl-5">
         <path>.\FreeRTOS_Files\</path>
         <kind>object</kind>
         <file>event_groups.obj</file>
         <name>event_groups.obj</name>
      </input_file>
      <input_file id="fl-6">
         <path>.\FreeRTOS_Files\</path>
         <kind>object</kind>
         <file>heap_1.obj</file>
         <name>heap_1.obj</name>
      </input_file>
      <input_file id="fl-7">
         <path>.\FreeRTOS_Files\</path>
         <kind>object</kind>
         <file>list.obj</file>
         <name>list.obj</name>
      </input_file>
      <input_file id="fl-8">
         <path>.\FreeRTOS_Files\</path>
         <kind>object</kind>
         <file>port.obj</file>
         <name>port.obj</name>
      </input_file>
      <input_file id="fl-9">
         <path>.\FreeRTOS_Files\</path>
         <kind>object</kind>
         <file>portasm.obj</file>
         <name>portasm.obj</name>
      </input_file>
      <input_file id="fl-a">
         <path>.\FreeRTOS_Files\</path>
         <kind>object</kind>
         <file>queue.obj</file>
         <name>queue.obj</name>
      </input_file>
      <input_file id="fl-b">
         <path>.\FreeRTOS_Files\</path>
         <kind>object</kind>
         <file>stream_buffer.obj</file>
         <name>stream_buffer.obj</name>
      </input_file>
      <input_file id="fl-c">
         <path>.\FreeRTOS_Files\</path>
         <kind>object</kind>
         <file>tasks.obj</file>
         <name>tasks.obj</name>
      </input_file>
      <input_file id="fl-d">
         <path>.\FreeRTOS_Files\</path>
         <kind>object</kind>
         <file>timers.obj</file>
         <name>timers.obj</name>
      </input_file>
      <input_file id="fl-e">
         <path>.\FreeRTOS_Files\</path>
         <kind>object</kind>
         <file>tm4c123bh6pm_startup_ccs.obj</file>
         <name>tm4c123bh6pm_startup_ccs.obj</name>
      </input_file>
      <input_file id="fl-f">
         <path>.\GPIO\</path>
         <kind>object</kind>
         <file>GPIO.obj</file>
         <name>GPIO.obj</name>
      </input_file>
      <input_file id="fl-14">
         <kind>object</kind>
         <file>&lt;internal&gt;</file>
         <name>&lt;internal&gt;</name>
      </input_file>
      <input_file id="fl-ca">
         <path>C:\ti\ccsv8\tools\compiler\ti-cgt-arm_18.1.1.LTS\lib\</path>
         <kind>archive</kind>
         <file>rtsv7M4_T_le_v4SPD16_eabi.lib</file>
         <name>memcpy_t2.asm.obj</name>
      </input_file>
      <input_file id="fl-cb">
         <path>C:\ti\ccsv8\tools\compiler\ti-cgt-arm_18.1.1.LTS\lib\</path>
         <kind>archive</kind>
         <file>rtsv7M4_T_le_v4SPD16_eabi.lib</file>
         <name>memset_t2.asm.obj</name>
      </input_file>
      <input_file id="fl-cc">
         <path>C:\ti\ccsv8\tools\compiler\ti-cgt-arm_18.1.1.LTS\lib\</path>
         <kind>archive</kind>
         <file>rtsv7M4_T_le_v4SPD16_eabi.lib</file>
         <name>copy_zero_init.c.obj</name>
      </input_file>
      <input_file id="fl-cd">
         <path>C:\ti\ccsv8\tools\compiler\ti-cgt-arm_18.1.1.LTS\lib\</path>
         <kind>archive</kind>
         <file>rtsv7M4_T_le_v4SPD16_eabi.lib</file>
         <name>copy_decompress_none.c.obj</name>
      </input_file>
      <input_file id="fl-ce">
         <path>C:\ti\ccsv8\tools\compiler\ti-cgt-arm_18.1.1.LTS\lib\</path>
         <kind>archive</kind>
         <file>rtsv7M4_T_le_v4SPD16_eabi.lib</file>
         <name>copy_decompress_lzss.c.obj</name>
      </input_file>
      <input_file id="fl-cf">
         <path>C:\ti\ccsv8\tools\compiler\ti-cgt-arm_18.1.1.LTS\lib\</path>
         <kind>archive</kind>
         <file>rtsv7M4_T_le_v4SPD16_eabi.lib</file>
         <name>boot_cortex_m.c.obj</name>
      </input_file>
      <input_file id="fl-d0">
         <path>C:\ti\ccsv8\tools\compiler\ti-cgt-arm_18.1.1.LTS\lib\</path>
         <kind>archive</kind>
         <file>rtsv7M4_T_le_v4SPD16_eabi.lib</file>
         <name>exit.c.obj</name>
      </input_file>
      <input_file id="fl-d1">
         <path>C:\ti\ccsv8\tools\compiler\ti-cgt-arm_18.1.1.LTS\lib\</path>
         <kind>archive</kind>
         <file>rtsv7M4_T_le_v4SPD16_eabi.lib</file>
         <name>_lock.c.obj</name>
      </input_file>
      <input_file id="fl-d2">
         <path>C:\ti\ccsv8\tools\compiler\ti-cgt-arm_18.1.1.LTS\lib\</path>
         <kind>archive</kind>
         <file>rtsv7M4_T_le_v4SPD16_eabi.lib</file>
         <name>args_main.c.obj</name>
      </input_file>
      <input_file id="fl-d3">
         <path>C:\ti\ccsv8\tools\compiler\ti-cgt-arm_18.1.1.LTS\lib\</path>
         <kind>archive</kind>
         <file>rtsv7M4_T_le_v4SPD16_eabi.lib</file>
         <name>autoinit.c.obj</name>
      </input_file>
      <input_file id="fl-d4">
         <path>C:\ti\ccsv8\tools\compiler\ti-cgt-arm_18.1.1.LTS\lib\</path>
         <kind>archive</kind>
         <file>rtsv7M4_T_le_v4SPD16_eabi.lib</file>
         <name>pre_init.c.obj</name>
      </input_file>
      <input_file id="fl-d5">
         <path>C:\ti\ccsv8\tools\compiler\ti-cgt-arm_18.1.1.LTS\lib\</path>
         <kind>archive</kind>
         <file>rtsv7M4_T_le_v4SPD16_eabi.lib</file>
         <name>cpy_tbl.c.obj</name>
      </input_file>
      <input_file id="fl-d6">
         <path>C:\ti\TivaWare_C_Series-2.1.4.178\driverlib\ccs\Debug\</path>
         <kind>archive</kind>
         <file>driverlib.lib</file>
         <name>can.obj</name>
      </input_file>
      <input_file id="fl-d7">
         <path>C:\ti\TivaWare_C_Series-2.1.4.178\driverlib\ccs\Debug\</path>
         <kind>archive</kind>
         <file>driverlib.lib</file>
         <name>gpio.obj</name>
      </input_file>
      <input_file id="fl-d8">
         <path>C:\ti\TivaWare_C_Series-2.1.4.178\driverlib\ccs\Debug\</path>
         <kind>archive</kind>
         <file>driverlib.lib</file>
         <name>interrupt.obj</name>
      </input_file>
      <input_file id="fl-d9">
         <path>C:\ti\TivaWare_C_Series-2.1.4.178\driverlib\ccs\Debug\</path>
         <kind>archive</kind>
         <file>driverlib.lib</file>
         <name>sysctl.obj</name>
      </input_file>
      <input_file id="fl-da">
         <path>C:\ti\TivaWare_C_Series-2.1.4.178\driverlib\ccs\Debug\</path>
         <kind>archive</kind>
         <file>driverlib.lib</file>
         <name>cpu.obj</name>
      </input_file>
   </input_file_list>
   <object_component_list>
      <object_component id="oc-f">
         <name>.intvecs</name>
         <load_address>0x0</load_address>
         <run_address>0x0</run_address>
         <size>0x26c</size>
         <input_file_ref idref="fl-e"/>
      </object_component>
      <object_component id="oc-7c">
         <name>.text</name>
         <load_address>0x26c</load_address>
         <run_address>0x26c</run_address>
         <size>0x1b1c</size>
         <input_file_ref idref="fl-c"/>
      </object_component>
      <object_component id="oc-2f">
         <name>.text</name>
         <load_address>0x1d88</load_address>
         <run_address>0x1d88</run_address>
         <size>0x1c4</size>
         <input_file_ref idref="fl-8"/>
      </object_component>
      <object_component id="oc-137">
         <name>.text</name>
         <load_address>0x1f4c</load_address>
         <run_address>0x1f4c</run_address>
         <size>0x198</size>
         <input_file_ref idref="fl-3"/>
      </object_component>
      <object_component id="oc-1f9">
         <name>.text:CANMessageSet</name>
         <load_address>0x20e4</load_address>
         <run_address>0x20e4</run_address>
         <size>0x136</size>
         <input_file_ref idref="fl-d6"/>
      </object_component>
      <object_component id="oc-24a">
         <name>.text:GPIOPadConfigSet</name>
         <load_address>0x221a</load_address>
         <run_address>0x221a</run_address>
         <size>0x132</size>
         <input_file_ref idref="fl-d7"/>
      </object_component>
      <object_component id="oc-e1">
         <name>.text</name>
         <load_address>0x234c</load_address>
         <run_address>0x234c</run_address>
         <size>0x132</size>
         <input_file_ref idref="fl-7"/>
      </object_component>
      <object_component id="oc-1e7">
         <name>.text:SysCtlClockGet</name>
         <load_address>0x2480</load_address>
         <run_address>0x2480</run_address>
         <size>0x110</size>
         <input_file_ref idref="fl-d9"/>
      </object_component>
      <object_component id="oc-205">
         <name>.text:CANMessageGet</name>
         <load_address>0x2590</load_address>
         <run_address>0x2590</run_address>
         <size>0x10e</size>
         <input_file_ref idref="fl-d6"/>
      </object_component>
      <object_component id="oc-bf">
         <name>.text</name>
         <load_address>0x26a0</load_address>
         <run_address>0x26a0</run_address>
         <size>0xfc</size>
         <input_file_ref idref="fl-2"/>
      </object_component>
      <object_component id="oc-1cf">
         <name>.text:SysCtlClockSet</name>
         <load_address>0x279c</load_address>
         <run_address>0x279c</run_address>
         <size>0xf4</size>
         <input_file_ref idref="fl-d9"/>
      </object_component>
      <object_component id="oc-2a">
         <name>.text</name>
         <load_address>0x2890</load_address>
         <run_address>0x2890</run_address>
         <size>0xda</size>
         <input_file_ref idref="fl-9"/>
      </object_component>
      <object_component id="oc-db">
         <name>.text</name>
         <load_address>0x296c</load_address>
         <run_address>0x296c</run_address>
         <size>0x9c</size>
         <input_file_ref idref="fl-6"/>
      </object_component>
      <object_component id="oc-43">
         <name>.text</name>
         <load_address>0x2a08</load_address>
         <run_address>0x2a08</run_address>
         <size>0x9c</size>
         <input_file_ref idref="fl-ca"/>
      </object_component>
      <object_component id="oc-b3">
         <name>.text</name>
         <load_address>0x2aa4</load_address>
         <run_address>0x2aa4</run_address>
         <size>0x7a</size>
         <input_file_ref idref="fl-cb"/>
      </object_component>
      <object_component id="oc-1ed">
         <name>.text:CANBitRateSet</name>
         <load_address>0x2b20</load_address>
         <run_address>0x2b20</run_address>
         <size>0x6c</size>
         <input_file_ref idref="fl-d6"/>
      </object_component>
      <object_component id="oc-12">
         <name>.text:decompress:lzss:__TI_decompress_lzss</name>
         <load_address>0x2b8c</load_address>
         <run_address>0x2b8c</run_address>
         <size>0x68</size>
         <input_file_ref idref="fl-ce"/>
      </object_component>
      <object_component id="oc-12e">
         <name>.text</name>
         <load_address>0x2bf4</load_address>
         <run_address>0x2bf4</run_address>
         <size>0x5c</size>
         <input_file_ref idref="fl-f"/>
      </object_component>
      <object_component id="oc-1d5">
         <name>.text:GPIOPinConfigure</name>
         <load_address>0x2c50</load_address>
         <run_address>0x2c50</run_address>
         <size>0x48</size>
         <input_file_ref idref="fl-d7"/>
      </object_component>
      <object_component id="oc-14a">
         <name>.text:__TI_auto_init_nobinit_nopinit:__TI_auto_init_nobinit_nopinit</name>
         <load_address>0x2c98</load_address>
         <run_address>0x2c98</run_address>
         <size>0x44</size>
         <input_file_ref idref="fl-d3"/>
      </object_component>
      <object_component id="oc-1ff">
         <name>.text:CANStatusGet</name>
         <load_address>0x2cdc</load_address>
         <run_address>0x2cdc</run_address>
         <size>0x40</size>
         <input_file_ref idref="fl-d6"/>
      </object_component>
      <object_component id="oc-1e1">
         <name>.text:CANInit</name>
         <load_address>0x2d1c</load_address>
         <run_address>0x2d1c</run_address>
         <size>0x3a</size>
         <input_file_ref idref="fl-d6"/>
      </object_component>
      <object_component id="oc-1bf">
         <name>.text:SysCtlPeripheralReady</name>
         <load_address>0x2d58</load_address>
         <run_address>0x2d58</run_address>
         <size>0x38</size>
         <input_file_ref idref="fl-d9"/>
      </object_component>
      <object_component id="oc-61">
         <name>.text:_c_int00_noargs:_c_int00_noargs</name>
         <load_address>0x2d90</load_address>
         <run_address>0x2d90</run_address>
         <size>0x38</size>
         <input_file_ref idref="fl-cf"/>
      </object_component>
      <object_component id="oc-1b9">
         <name>.text:SysCtlPeripheralEnable</name>
         <load_address>0x2dc8</load_address>
         <run_address>0x2dc8</run_address>
         <size>0x34</size>
         <input_file_ref idref="fl-d9"/>
      </object_component>
      <object_component id="oc-250">
         <name>.text:GPIODirModeSet</name>
         <load_address>0x2dfc</load_address>
         <run_address>0x2dfc</run_address>
         <size>0x2a</size>
         <input_file_ref idref="fl-d7"/>
      </object_component>
      <object_component id="oc-278">
         <name>.text:_CANDataRegRead</name>
         <load_address>0x2e26</load_address>
         <run_address>0x2e26</run_address>
         <size>0x2a</size>
         <input_file_ref idref="fl-d6"/>
      </object_component>
      <object_component id="oc-26b">
         <name>.text:_CANDataRegWrite</name>
         <load_address>0x2e50</load_address>
         <run_address>0x2e50</run_address>
         <size>0x24</size>
         <input_file_ref idref="fl-d6"/>
      </object_component>
      <object_component id="oc-1c5">
         <name>.text:GPIOPinTypeGPIOOutput</name>
         <load_address>0x2e74</load_address>
         <run_address>0x2e74</run_address>
         <size>0x18</size>
         <input_file_ref idref="fl-d7"/>
      </object_component>
      <object_component id="oc-1db">
         <name>.text:GPIOPinTypeCAN</name>
         <load_address>0x2e8c</load_address>
         <run_address>0x2e8c</run_address>
         <size>0x12</size>
         <input_file_ref idref="fl-d7"/>
      </object_component>
      <object_component id="oc-18">
         <name>.text:decompress:none:__TI_decompress_none</name>
         <load_address>0x2e9e</load_address>
         <run_address>0x2e9e</run_address>
         <size>0xe</size>
         <input_file_ref idref="fl-cd"/>
      </object_component>
      <object_component id="oc-55">
         <name>.text:decompress:ZI:__TI_zero_init</name>
         <load_address>0x2eac</load_address>
         <run_address>0x2eac</run_address>
         <size>0xc</size>
         <input_file_ref idref="fl-cc"/>
      </object_component>
      <object_component id="oc-24">
         <name>.text</name>
         <load_address>0x2eb8</load_address>
         <run_address>0x2eb8</run_address>
         <size>0xc</size>
         <input_file_ref idref="fl-e"/>
      </object_component>
      <object_component id="oc-1f3">
         <name>.text:CANEnable</name>
         <load_address>0x2ec4</load_address>
         <run_address>0x2ec4</run_address>
         <size>0xa</size>
         <input_file_ref idref="fl-d6"/>
      </object_component>
      <object_component id="oc-1b3">
         <name>.text:GPIOPinWrite</name>
         <load_address>0x2ece</load_address>
         <run_address>0x2ece</run_address>
         <size>0x6</size>
         <input_file_ref idref="fl-d7"/>
      </object_component>
      <object_component id="oc-259">
         <name>.text:SysCtlDelay</name>
         <load_address>0x2ed4</load_address>
         <run_address>0x2ed4</run_address>
         <size>0x6</size>
         <input_file_ref idref="fl-d9"/>
      </object_component>
      <object_component id="oc-b9">
         <name>.text:_system_pre_init</name>
         <load_address>0x2eda</load_address>
         <run_address>0x2eda</run_address>
         <size>0x4</size>
         <input_file_ref idref="fl-d4"/>
      </object_component>
      <object_component id="oc-13e">
         <name>.text:abort:abort</name>
         <load_address>0x2ede</load_address>
         <run_address>0x2ede</run_address>
         <size>0x4</size>
         <input_file_ref idref="fl-d0"/>
      </object_component>
      <object_component id="oc-25b">
         <name>.const:g_pui32GPIOBaseAddrs</name>
         <load_address>0x2ee4</load_address>
         <run_address>0x2ee4</run_address>
         <size>0x90</size>
         <input_file_ref idref="fl-d7"/>
      </object_component>
      <object_component id="oc-262">
         <name>.const:g_pui32Xtals</name>
         <load_address>0x2f74</load_address>
         <run_address>0x2f74</run_address>
         <size>0x6c</size>
         <input_file_ref idref="fl-d9"/>
      </object_component>
      <object_component id="oc-266">
         <name>.const</name>
         <load_address>0x2fe0</load_address>
         <run_address>0x2fe0</run_address>
         <size>0x20</size>
         <input_file_ref idref="fl-d6"/>
      </object_component>
      <object_component id="oc-79">
         <name>.const</name>
         <load_address>0x3000</load_address>
         <run_address>0x3000</run_address>
         <size>0x8</size>
         <input_file_ref idref="fl-8"/>
      </object_component>
      <object_component id="oc-2fb">
         <name>.cinit..data.load</name>
         <load_address>0x3008</load_address>
         <run_address>0x3008</run_address>
         <size>0x17</size>
      </object_component>
      <object_component id="oc-2f9">
         <name>__TI_handler_table</name>
         <load_address>0x3020</load_address>
         <run_address>0x3020</run_address>
         <size>0xc</size>
      </object_component>
      <object_component id="oc-2fc">
         <name>.cinit..bss.load</name>
         <load_address>0x3030</load_address>
         <run_address>0x3030</run_address>
         <size>0x8</size>
      </object_component>
      <object_component id="oc-2fa">
         <name>__TI_cinit_table</name>
         <load_address>0x3038</load_address>
         <run_address>0x3038</run_address>
         <size>0x10</size>
      </object_component>
      <object_component id="oc-134">
         <name>.data</name>
         <load_address>0x20005124</load_address>
         <run_address>0x20005124</run_address>
         <size>0x10</size>
         <input_file_ref idref="fl-3"/>
      </object_component>
      <object_component id="oc-192">
         <name>.data</name>
         <load_address>0x20005140</load_address>
         <run_address>0x20005140</run_address>
         <size>0x8</size>
         <input_file_ref idref="fl-6"/>
      </object_component>
      <object_component id="oc-83">
         <name>.data</name>
         <load_address>0x20005134</load_address>
         <run_address>0x20005134</run_address>
         <size>0xc</size>
         <input_file_ref idref="fl-8"/>
      </object_component>
      <object_component id="oc-76">
         <name>.data</name>
         <load_address>0x200050f0</load_address>
         <run_address>0x200050f0</run_address>
         <size>0x34</size>
         <input_file_ref idref="fl-c"/>
      </object_component>
      <object_component id="oc-12b">
         <name>.data</name>
         <load_address>0x20005148</load_address>
         <run_address>0x20005148</run_address>
         <size>0x4</size>
         <input_file_ref idref="fl-f"/>
      </object_component>
      <object_component id="oc-195">
         <name>.bss:ucHeap</name>
         <uninitialized>true</uninitialized>
         <run_address>0x20000000</run_address>
         <size>0x4e20</size>
         <input_file_ref idref="fl-6"/>
      </object_component>
      <object_component id="oc-e7">
         <name>.bss:pxReadyTasksLists</name>
         <uninitialized>true</uninitialized>
         <run_address>0x20004e20</run_address>
         <size>0x64</size>
         <input_file_ref idref="fl-c"/>
      </object_component>
      <object_component id="oc-f6">
         <name>.bss:xDelayedTaskList1</name>
         <uninitialized>true</uninitialized>
         <run_address>0x20004e84</run_address>
         <size>0x14</size>
         <input_file_ref idref="fl-c"/>
      </object_component>
      <object_component id="oc-f9">
         <name>.bss:xDelayedTaskList2</name>
         <uninitialized>true</uninitialized>
         <run_address>0x20004e98</run_address>
         <size>0x14</size>
         <input_file_ref idref="fl-c"/>
      </object_component>
      <object_component id="oc-ed">
         <name>.bss</name>
         <uninitialized>true</uninitialized>
         <run_address>0x20004ee8</run_address>
         <size>0x8</size>
         <input_file_ref idref="fl-c"/>
      </object_component>
      <object_component id="oc-f3">
         <name>.bss:xPendingReadyList</name>
         <uninitialized>true</uninitialized>
         <run_address>0x20004eac</run_address>
         <size>0x14</size>
         <input_file_ref idref="fl-c"/>
      </object_component>
      <object_component id="oc-ea">
         <name>.bss:xTasksWaitingTermination</name>
         <uninitialized>true</uninitialized>
         <run_address>0x20004ed4</run_address>
         <size>0x14</size>
         <input_file_ref idref="fl-c"/>
      </object_component>
      <object_component id="oc-f0">
         <name>.bss:xSuspendedTaskList</name>
         <uninitialized>true</uninitialized>
         <run_address>0x20004ec0</run_address>
         <size>0x14</size>
         <input_file_ref idref="fl-c"/>
      </object_component>
      <object_component id="oc-21">
         <name>.stack</name>
         <uninitialized>true</uninitialized>
         <run_address>0x20004ef0</run_address>
         <size>0x4</size>
         <input_file_ref idref="fl-cf"/>
      </object_component>
      <object_component id="oc-2fd">
         <name>.stack</name>
         <uninitialized>true</uninitialized>
         <run_address>0x20004ef0</run_address>
         <size>0x0</size>
      </object_component>
      <object_component id="oc-115">
         <name>.debug_info</name>
         <load_address>0x0</load_address>
         <run_address>0x0</run_address>
         <size>0x5ba</size>
         <input_file_ref idref="fl-2"/>
      </object_component>
      <object_component id="oc-c0">
         <name>.debug_info</name>
         <load_address>0x5ba</load_address>
         <run_address>0x5ba</run_address>
         <size>0x17e</size>
         <input_file_ref idref="fl-2"/>
      </object_component>
      <object_component id="oc-106">
         <name>.debug_info</name>
         <load_address>0x738</load_address>
         <run_address>0x738</run_address>
         <size>0x315</size>
         <input_file_ref idref="fl-2"/>
      </object_component>
      <object_component id="oc-99">
         <name>.debug_info</name>
         <load_address>0xa4d</load_address>
         <run_address>0xa4d</run_address>
         <size>0x26b</size>
         <input_file_ref idref="fl-2"/>
      </object_component>
      <object_component id="oc-110">
         <name>.debug_info</name>
         <load_address>0xcb8</load_address>
         <run_address>0xcb8</run_address>
         <size>0x476</size>
         <input_file_ref idref="fl-2"/>
      </object_component>
      <object_component id="oc-1ac">
         <name>.debug_info</name>
         <load_address>0x112e</load_address>
         <run_address>0x112e</run_address>
         <size>0x4f</size>
         <input_file_ref idref="fl-2"/>
      </object_component>
      <object_component id="oc-3e">
         <name>.debug_info</name>
         <load_address>0x117d</load_address>
         <run_address>0x117d</run_address>
         <size>0x84</size>
         <input_file_ref idref="fl-2"/>
      </object_component>
      <object_component id="oc-88">
         <name>.debug_info</name>
         <load_address>0x1201</load_address>
         <run_address>0x1201</run_address>
         <size>0x2c</size>
         <input_file_ref idref="fl-2"/>
      </object_component>
      <object_component id="oc-116">
         <name>.debug_info</name>
         <load_address>0x122d</load_address>
         <run_address>0x122d</run_address>
         <size>0x297</size>
         <input_file_ref idref="fl-2"/>
      </object_component>
      <object_component id="oc-92">
         <name>.debug_info</name>
         <load_address>0x14c4</load_address>
         <run_address>0x14c4</run_address>
         <size>0xbb</size>
         <input_file_ref idref="fl-2"/>
      </object_component>
      <object_component id="oc-8d">
         <name>.debug_info</name>
         <load_address>0x157f</load_address>
         <run_address>0x157f</run_address>
         <size>0x53</size>
         <input_file_ref idref="fl-2"/>
      </object_component>
      <object_component id="oc-101">
         <name>.debug_info</name>
         <load_address>0x15d2</load_address>
         <run_address>0x15d2</run_address>
         <size>0x53</size>
         <input_file_ref idref="fl-2"/>
      </object_component>
      <object_component id="oc-10b">
         <name>.debug_info</name>
         <load_address>0x1625</load_address>
         <run_address>0x1625</run_address>
         <size>0x14c</size>
         <input_file_ref idref="fl-2"/>
      </object_component>
      <object_component id="oc-20c">
         <name>.debug_info</name>
         <load_address>0x1771</load_address>
         <run_address>0x1771</run_address>
         <size>0x65f</size>
         <input_file_ref idref="fl-3"/>
      </object_component>
      <object_component id="oc-135">
         <name>.debug_info</name>
         <load_address>0x1dd0</load_address>
         <run_address>0x1dd0</run_address>
         <size>0x17c</size>
         <input_file_ref idref="fl-3"/>
      </object_component>
      <object_component id="oc-138">
         <name>.debug_info</name>
         <load_address>0x1f4c</load_address>
         <run_address>0x1f4c</run_address>
         <size>0x57f</size>
         <input_file_ref idref="fl-3"/>
      </object_component>
      <object_component id="oc-20d">
         <name>.debug_info</name>
         <load_address>0x24cb</load_address>
         <run_address>0x24cb</run_address>
         <size>0x1b3</size>
         <input_file_ref idref="fl-3"/>
      </object_component>
      <object_component id="oc-245">
         <name>.debug_info</name>
         <load_address>0x267e</load_address>
         <run_address>0x267e</run_address>
         <size>0x8b</size>
         <input_file_ref idref="fl-3"/>
      </object_component>
      <object_component id="oc-232">
         <name>.debug_info</name>
         <load_address>0x2709</load_address>
         <run_address>0x2709</run_address>
         <size>0x638</size>
         <input_file_ref idref="fl-5"/>
      </object_component>
      <object_component id="oc-183">
         <name>.debug_info</name>
         <load_address>0x2d41</load_address>
         <run_address>0x2d41</run_address>
         <size>0x110</size>
         <input_file_ref idref="fl-5"/>
      </object_component>
      <object_component id="oc-18d">
         <name>.debug_info</name>
         <load_address>0x2e51</load_address>
         <run_address>0x2e51</run_address>
         <size>0x476</size>
         <input_file_ref idref="fl-5"/>
      </object_component>
      <object_component id="oc-2a4">
         <name>.debug_info</name>
         <load_address>0x32c7</load_address>
         <run_address>0x32c7</run_address>
         <size>0x76</size>
         <input_file_ref idref="fl-5"/>
      </object_component>
      <object_component id="oc-2a9">
         <name>.debug_info</name>
         <load_address>0x333d</load_address>
         <run_address>0x333d</run_address>
         <size>0x39</size>
         <input_file_ref idref="fl-5"/>
      </object_component>
      <object_component id="oc-17e">
         <name>.debug_info</name>
         <load_address>0x3376</load_address>
         <run_address>0x3376</run_address>
         <size>0x4f</size>
         <input_file_ref idref="fl-5"/>
      </object_component>
      <object_component id="oc-199">
         <name>.debug_info</name>
         <load_address>0x33c5</load_address>
         <run_address>0x33c5</run_address>
         <size>0x3f7</size>
         <input_file_ref idref="fl-6"/>
      </object_component>
      <object_component id="oc-196">
         <name>.debug_info</name>
         <load_address>0x37bc</load_address>
         <run_address>0x37bc</run_address>
         <size>0xde</size>
         <input_file_ref idref="fl-6"/>
      </object_component>
      <object_component id="oc-193">
         <name>.debug_info</name>
         <load_address>0x389a</load_address>
         <run_address>0x389a</run_address>
         <size>0xec</size>
         <input_file_ref idref="fl-6"/>
      </object_component>
      <object_component id="oc-dc">
         <name>.debug_info</name>
         <load_address>0x3986</load_address>
         <run_address>0x3986</run_address>
         <size>0x36c</size>
         <input_file_ref idref="fl-6"/>
      </object_component>
      <object_component id="oc-19b">
         <name>.debug_info</name>
         <load_address>0x3cf2</load_address>
         <run_address>0x3cf2</run_address>
         <size>0x36a</size>
         <input_file_ref idref="fl-7"/>
      </object_component>
      <object_component id="oc-e2">
         <name>.debug_info</name>
         <load_address>0x405c</load_address>
         <run_address>0x405c</run_address>
         <size>0x4ec</size>
         <input_file_ref idref="fl-7"/>
      </object_component>
      <object_component id="oc-87">
         <name>.debug_info</name>
         <load_address>0x4548</load_address>
         <run_address>0x4548</run_address>
         <size>0x440</size>
         <input_file_ref idref="fl-8"/>
      </object_component>
      <object_component id="oc-7a">
         <name>.debug_info</name>
         <load_address>0x4988</load_address>
         <run_address>0x4988</run_address>
         <size>0x153</size>
         <input_file_ref idref="fl-8"/>
      </object_component>
      <object_component id="oc-84">
         <name>.debug_info</name>
         <load_address>0x4adb</load_address>
         <run_address>0x4adb</run_address>
         <size>0x15e</size>
         <input_file_ref idref="fl-8"/>
      </object_component>
      <object_component id="oc-30">
         <name>.debug_info</name>
         <load_address>0x4c39</load_address>
         <run_address>0x4c39</run_address>
         <size>0x74c</size>
         <input_file_ref idref="fl-8"/>
      </object_component>
      <object_component id="oc-2b">
         <name>.debug_info</name>
         <load_address>0x5385</load_address>
         <run_address>0x5385</run_address>
         <size>0x243</size>
         <input_file_ref idref="fl-9"/>
      </object_component>
      <object_component id="oc-122">
         <name>.debug_info</name>
         <load_address>0x55c8</load_address>
         <run_address>0x55c8</run_address>
         <size>0x2c</size>
         <input_file_ref idref="fl-b"/>
      </object_component>
      <object_component id="oc-d3">
         <name>.debug_info</name>
         <load_address>0x55f4</load_address>
         <run_address>0x55f4</run_address>
         <size>0x77f</size>
         <input_file_ref idref="fl-c"/>
      </object_component>
      <object_component id="oc-77">
         <name>.debug_info</name>
         <load_address>0x5d73</load_address>
         <run_address>0x5d73</run_address>
         <size>0x34d</size>
         <input_file_ref idref="fl-c"/>
      </object_component>
      <object_component id="oc-e8">
         <name>.debug_info</name>
         <load_address>0x60c0</load_address>
         <run_address>0x60c0</run_address>
         <size>0xf4</size>
         <input_file_ref idref="fl-c"/>
      </object_component>
      <object_component id="oc-f7">
         <name>.debug_info</name>
         <load_address>0x61b4</load_address>
         <run_address>0x61b4</run_address>
         <size>0xf4</size>
         <input_file_ref idref="fl-c"/>
      </object_component>
      <object_component id="oc-fa">
         <name>.debug_info</name>
         <load_address>0x62a8</load_address>
         <run_address>0x62a8</run_address>
         <size>0xf4</size>
         <input_file_ref idref="fl-c"/>
      </object_component>
      <object_component id="oc-ee">
         <name>.debug_info</name>
         <load_address>0x639c</load_address>
         <run_address>0x639c</run_address>
         <size>0x137</size>
         <input_file_ref idref="fl-c"/>
      </object_component>
      <object_component id="oc-f4">
         <name>.debug_info</name>
         <load_address>0x64d3</load_address>
         <run_address>0x64d3</run_address>
         <size>0xf4</size>
         <input_file_ref idref="fl-c"/>
      </object_component>
      <object_component id="oc-eb">
         <name>.debug_info</name>
         <load_address>0x65c7</load_address>
         <run_address>0x65c7</run_address>
         <size>0x102</size>
         <input_file_ref idref="fl-c"/>
      </object_component>
      <object_component id="oc-f1">
         <name>.debug_info</name>
         <load_address>0x66c9</load_address>
         <run_address>0x66c9</run_address>
         <size>0xf6</size>
         <input_file_ref idref="fl-c"/>
      </object_component>
      <object_component id="oc-7d">
         <name>.debug_info</name>
         <load_address>0x67bf</load_address>
         <run_address>0x67bf</run_address>
         <size>0x52b5</size>
         <input_file_ref idref="fl-c"/>
      </object_component>
      <object_component id="oc-d4">
         <name>.debug_info</name>
         <load_address>0xba74</load_address>
         <run_address>0xba74</run_address>
         <size>0x30c</size>
         <input_file_ref idref="fl-c"/>
      </object_component>
      <object_component id="oc-188">
         <name>.debug_info</name>
         <load_address>0xbd80</load_address>
         <run_address>0xbd80</run_address>
         <size>0x159</size>
         <input_file_ref idref="fl-c"/>
      </object_component>
      <object_component id="oc-37">
         <name>.debug_info</name>
         <load_address>0xbed9</load_address>
         <run_address>0xbed9</run_address>
         <size>0x33e</size>
         <input_file_ref idref="fl-e"/>
      </object_component>
      <object_component id="oc-10">
         <name>.debug_info</name>
         <load_address>0xc217</load_address>
         <run_address>0xc217</run_address>
         <size>0xfd</size>
         <input_file_ref idref="fl-e"/>
      </object_component>
      <object_component id="oc-25">
         <name>.debug_info</name>
         <load_address>0xc314</load_address>
         <run_address>0xc314</run_address>
         <size>0x2f1</size>
         <input_file_ref idref="fl-e"/>
      </object_component>
      <object_component id="oc-1cc">
         <name>.debug_info</name>
         <load_address>0xc605</load_address>
         <run_address>0xc605</run_address>
         <size>0x4af</size>
         <input_file_ref idref="fl-f"/>
      </object_component>
      <object_component id="oc-12c">
         <name>.debug_info</name>
         <load_address>0xcab4</load_address>
         <run_address>0xcab4</run_address>
         <size>0xe9</size>
         <input_file_ref idref="fl-f"/>
      </object_component>
      <object_component id="oc-12f">
         <name>.debug_info</name>
         <load_address>0xcb9d</load_address>
         <run_address>0xcb9d</run_address>
         <size>0x23e</size>
         <input_file_ref idref="fl-f"/>
      </object_component>
      <object_component id="oc-45">
         <name>.debug_info</name>
         <load_address>0xcddb</load_address>
         <run_address>0xcddb</run_address>
         <size>0x111</size>
         <input_file_ref idref="fl-ca"/>
      </object_component>
      <object_component id="oc-b4">
         <name>.debug_info</name>
         <load_address>0xceec</load_address>
         <run_address>0xceec</run_address>
         <size>0x13f</size>
         <input_file_ref idref="fl-cb"/>
      </object_component>
      <object_component id="oc-b2">
         <name>.debug_info</name>
         <load_address>0xd02b</load_address>
         <run_address>0xd02b</run_address>
         <size>0x313</size>
         <input_file_ref idref="fl-cc"/>
      </object_component>
      <object_component id="oc-58">
         <name>.debug_info</name>
         <load_address>0xd33e</load_address>
         <run_address>0xd33e</run_address>
         <size>0x1aa</size>
         <input_file_ref idref="fl-cc"/>
      </object_component>
      <object_component id="oc-ad">
         <name>.debug_info</name>
         <load_address>0xd4e8</load_address>
         <run_address>0xd4e8</run_address>
         <size>0x46</size>
         <input_file_ref idref="fl-cc"/>
      </object_component>
      <object_component id="oc-4e">
         <name>.debug_info</name>
         <load_address>0xd52e</load_address>
         <run_address>0xd52e</run_address>
         <size>0x29d</size>
         <input_file_ref idref="fl-cd"/>
      </object_component>
      <object_component id="oc-1b">
         <name>.debug_info</name>
         <load_address>0xd7cb</load_address>
         <run_address>0xd7cb</run_address>
         <size>0x1df</size>
         <input_file_ref idref="fl-cd"/>
      </object_component>
      <object_component id="oc-49">
         <name>.debug_info</name>
         <load_address>0xd9aa</load_address>
         <run_address>0xd9aa</run_address>
         <size>0x46</size>
         <input_file_ref idref="fl-cd"/>
      </object_component>
      <object_component id="oc-a5">
         <name>.debug_info</name>
         <load_address>0xd9f0</load_address>
         <run_address>0xd9f0</run_address>
         <size>0x2c</size>
         <input_file_ref idref="fl-cd"/>
      </object_component>
      <object_component id="oc-a3">
         <name>.debug_info</name>
         <load_address>0xda1c</load_address>
         <run_address>0xda1c</run_address>
         <size>0x293</size>
         <input_file_ref idref="fl-ce"/>
      </object_component>
      <object_component id="oc-13">
         <name>.debug_info</name>
         <load_address>0xdcaf</load_address>
         <run_address>0xdcaf</run_address>
         <size>0x245</size>
         <input_file_ref idref="fl-ce"/>
      </object_component>
      <object_component id="oc-39">
         <name>.debug_info</name>
         <load_address>0xdef4</load_address>
         <run_address>0xdef4</run_address>
         <size>0x60</size>
         <input_file_ref idref="fl-ce"/>
      </object_component>
      <object_component id="oc-11b">
         <name>.debug_info</name>
         <load_address>0xdf54</load_address>
         <run_address>0xdf54</run_address>
         <size>0x46</size>
         <input_file_ref idref="fl-ce"/>
      </object_component>
      <object_component id="oc-9e">
         <name>.debug_info</name>
         <load_address>0xdf9a</load_address>
         <run_address>0xdf9a</run_address>
         <size>0x39</size>
         <input_file_ref idref="fl-ce"/>
      </object_component>
      <object_component id="oc-22">
         <name>.debug_info</name>
         <load_address>0xdfd3</load_address>
         <run_address>0xdfd3</run_address>
         <size>0x100</size>
         <input_file_ref idref="fl-cf"/>
      </object_component>
      <object_component id="oc-62">
         <name>.debug_info</name>
         <load_address>0xe0d3</load_address>
         <run_address>0xe0d3</run_address>
         <size>0x1a4</size>
         <input_file_ref idref="fl-cf"/>
      </object_component>
      <object_component id="oc-142">
         <name>.debug_info</name>
         <load_address>0xe277</load_address>
         <run_address>0xe277</run_address>
         <size>0x117</size>
         <input_file_ref idref="fl-d0"/>
      </object_component>
      <object_component id="oc-21d">
         <name>.debug_info</name>
         <load_address>0xe38e</load_address>
         <run_address>0xe38e</run_address>
         <size>0x547</size>
         <input_file_ref idref="fl-d3"/>
      </object_component>
      <object_component id="oc-14e">
         <name>.debug_info</name>
         <load_address>0xe8d5</load_address>
         <run_address>0xe8d5</run_address>
         <size>0x19b</size>
         <input_file_ref idref="fl-d3"/>
      </object_component>
      <object_component id="oc-291">
         <name>.debug_info</name>
         <load_address>0xea70</load_address>
         <run_address>0xea70</run_address>
         <size>0x39</size>
         <input_file_ref idref="fl-d3"/>
      </object_component>
      <object_component id="oc-2c6">
         <name>.debug_info</name>
         <load_address>0xeaa9</load_address>
         <run_address>0xeaa9</run_address>
         <size>0x39</size>
         <input_file_ref idref="fl-d3"/>
      </object_component>
      <object_component id="oc-296">
         <name>.debug_info</name>
         <load_address>0xeae2</load_address>
         <run_address>0xeae2</run_address>
         <size>0x39</size>
         <input_file_ref idref="fl-d3"/>
      </object_component>
      <object_component id="oc-29b">
         <name>.debug_info</name>
         <load_address>0xeb1b</load_address>
         <run_address>0xeb1b</run_address>
         <size>0xcd</size>
         <input_file_ref idref="fl-d3"/>
      </object_component>
      <object_component id="oc-bd">
         <name>.debug_info</name>
         <load_address>0xebe8</load_address>
         <run_address>0xebe8</run_address>
         <size>0x148</size>
         <input_file_ref idref="fl-d4"/>
      </object_component>
      <object_component id="oc-261">
         <name>.debug_info</name>
         <load_address>0xed30</load_address>
         <run_address>0xed30</run_address>
         <size>0x227</size>
         <input_file_ref idref="fl-d6"/>
      </object_component>
      <object_component id="oc-267">
         <name>.debug_info</name>
         <load_address>0xef57</load_address>
         <run_address>0xef57</run_address>
         <size>0x156</size>
         <input_file_ref idref="fl-d6"/>
      </object_component>
      <object_component id="oc-202">
         <name>.debug_info</name>
         <load_address>0xf0ad</load_address>
         <run_address>0xf0ad</run_address>
         <size>0x286</size>
         <input_file_ref idref="fl-d6"/>
      </object_component>
      <object_component id="oc-26e">
         <name>.debug_info</name>
         <load_address>0xf333</load_address>
         <run_address>0xf333</run_address>
         <size>0x2dd</size>
         <input_file_ref idref="fl-d6"/>
      </object_component>
      <object_component id="oc-1fc">
         <name>.debug_info</name>
         <load_address>0xf610</load_address>
         <run_address>0xf610</run_address>
         <size>0x413</size>
         <input_file_ref idref="fl-d6"/>
      </object_component>
      <object_component id="oc-27b">
         <name>.debug_info</name>
         <load_address>0xfa23</load_address>
         <run_address>0xfa23</run_address>
         <size>0x2de</size>
         <input_file_ref idref="fl-d6"/>
      </object_component>
      <object_component id="oc-208">
         <name>.debug_info</name>
         <load_address>0xfd01</load_address>
         <run_address>0xfd01</run_address>
         <size>0x3e8</size>
         <input_file_ref idref="fl-d6"/>
      </object_component>
      <object_component id="oc-1e4">
         <name>.debug_info</name>
         <load_address>0x100e9</load_address>
         <run_address>0x100e9</run_address>
         <size>0x26c</size>
         <input_file_ref idref="fl-d6"/>
      </object_component>
      <object_component id="oc-1f6">
         <name>.debug_info</name>
         <load_address>0x10355</load_address>
         <run_address>0x10355</run_address>
         <size>0x242</size>
         <input_file_ref idref="fl-d6"/>
      </object_component>
      <object_component id="oc-1f0">
         <name>.debug_info</name>
         <load_address>0x10597</load_address>
         <run_address>0x10597</run_address>
         <size>0x360</size>
         <input_file_ref idref="fl-d6"/>
      </object_component>
      <object_component id="oc-272">
         <name>.debug_info</name>
         <load_address>0x108f7</load_address>
         <run_address>0x108f7</run_address>
         <size>0x1b3</size>
         <input_file_ref idref="fl-d6"/>
      </object_component>
      <object_component id="oc-23c">
         <name>.debug_info</name>
         <load_address>0x10aaa</load_address>
         <run_address>0x10aaa</run_address>
         <size>0x18b</size>
         <input_file_ref idref="fl-d6"/>
      </object_component>
      <object_component id="oc-241">
         <name>.debug_info</name>
         <load_address>0x10c35</load_address>
         <run_address>0x10c35</run_address>
         <size>0x240</size>
         <input_file_ref idref="fl-d7"/>
      </object_component>
      <object_component id="oc-25c">
         <name>.debug_info</name>
         <load_address>0x10e75</load_address>
         <run_address>0x10e75</run_address>
         <size>0x15b</size>
         <input_file_ref idref="fl-d7"/>
      </object_component>
      <object_component id="oc-1b6">
         <name>.debug_info</name>
         <load_address>0x10fd0</load_address>
         <run_address>0x10fd0</run_address>
         <size>0x2a3</size>
         <input_file_ref idref="fl-d7"/>
      </object_component>
      <object_component id="oc-253">
         <name>.debug_info</name>
         <load_address>0x11273</load_address>
         <run_address>0x11273</run_address>
         <size>0x2b3</size>
         <input_file_ref idref="fl-d7"/>
      </object_component>
      <object_component id="oc-24d">
         <name>.debug_info</name>
         <load_address>0x11526</load_address>
         <run_address>0x11526</run_address>
         <size>0x316</size>
         <input_file_ref idref="fl-d7"/>
      </object_component>
      <object_component id="oc-1c8">
         <name>.debug_info</name>
         <load_address>0x1183c</load_address>
         <run_address>0x1183c</run_address>
         <size>0x2b7</size>
         <input_file_ref idref="fl-d7"/>
      </object_component>
      <object_component id="oc-1de">
         <name>.debug_info</name>
         <load_address>0x11af3</load_address>
         <run_address>0x11af3</run_address>
         <size>0x279</size>
         <input_file_ref idref="fl-d7"/>
      </object_component>
      <object_component id="oc-1d8">
         <name>.debug_info</name>
         <load_address>0x11d6c</load_address>
         <run_address>0x11d6c</run_address>
         <size>0x280</size>
         <input_file_ref idref="fl-d7"/>
      </object_component>
      <object_component id="oc-243">
         <name>.debug_info</name>
         <load_address>0x11fec</load_address>
         <run_address>0x11fec</run_address>
         <size>0x298</size>
         <input_file_ref idref="fl-d9"/>
      </object_component>
      <object_component id="oc-263">
         <name>.debug_info</name>
         <load_address>0x12284</load_address>
         <run_address>0x12284</run_address>
         <size>0x14d</size>
         <input_file_ref idref="fl-d9"/>
      </object_component>
      <object_component id="oc-1c1">
         <name>.debug_info</name>
         <load_address>0x123d1</load_address>
         <run_address>0x123d1</run_address>
         <size>0x27f</size>
         <input_file_ref idref="fl-d9"/>
      </object_component>
      <object_component id="oc-1ba">
         <name>.debug_info</name>
         <load_address>0x12650</load_address>
         <run_address>0x12650</run_address>
         <size>0x27d</size>
         <input_file_ref idref="fl-d9"/>
      </object_component>
      <object_component id="oc-1d0">
         <name>.debug_info</name>
         <load_address>0x128cd</load_address>
         <run_address>0x128cd</run_address>
         <size>0x2db</size>
         <input_file_ref idref="fl-d9"/>
      </object_component>
      <object_component id="oc-1e8">
         <name>.debug_info</name>
         <load_address>0x12ba8</load_address>
         <run_address>0x12ba8</run_address>
         <size>0x2b5</size>
         <input_file_ref idref="fl-d9"/>
      </object_component>
      <object_component id="oc-2b2">
         <name>.debug_info</name>
         <load_address>0x12e5d</load_address>
         <run_address>0x12e5d</run_address>
         <size>0x5f</size>
         <input_file_ref idref="fl-d9"/>
      </object_component>
      <object_component id="oc-2fe">
         <name>.debug_info</name>
         <load_address>0x12ebc</load_address>
         <run_address>0x12ebc</run_address>
         <size>0xa4</size>
      </object_component>
      <object_component id="oc-1ab">
         <name>.debug_line</name>
         <load_address>0x0</load_address>
         <run_address>0x0</run_address>
         <size>0x6b</size>
         <input_file_ref idref="fl-2"/>
      </object_component>
      <object_component id="oc-c3">
         <name>.debug_line</name>
         <load_address>0x6b</load_address>
         <run_address>0x6b</run_address>
         <size>0x4c</size>
         <input_file_ref idref="fl-2"/>
      </object_component>
      <object_component id="oc-109">
         <name>.debug_line</name>
         <load_address>0xb7</load_address>
         <run_address>0xb7</run_address>
         <size>0x3c</size>
         <input_file_ref idref="fl-2"/>
      </object_component>
      <object_component id="oc-9c">
         <name>.debug_line</name>
         <load_address>0xf3</load_address>
         <run_address>0xf3</run_address>
         <size>0x69</size>
         <input_file_ref idref="fl-2"/>
      </object_component>
      <object_component id="oc-113">
         <name>.debug_line</name>
         <load_address>0x15c</load_address>
         <run_address>0x15c</run_address>
         <size>0x40</size>
         <input_file_ref idref="fl-2"/>
      </object_component>
      <object_component id="oc-1af">
         <name>.debug_line</name>
         <load_address>0x19c</load_address>
         <run_address>0x19c</run_address>
         <size>0x3d</size>
         <input_file_ref idref="fl-2"/>
      </object_component>
      <object_component id="oc-41">
         <name>.debug_line</name>
         <load_address>0x1d9</load_address>
         <run_address>0x1d9</run_address>
         <size>0x20</size>
         <input_file_ref idref="fl-2"/>
      </object_component>
      <object_component id="oc-8b">
         <name>.debug_line</name>
         <load_address>0x1f9</load_address>
         <run_address>0x1f9</run_address>
         <size>0x40</size>
         <input_file_ref idref="fl-2"/>
      </object_component>
      <object_component id="oc-119">
         <name>.debug_line</name>
         <load_address>0x239</load_address>
         <run_address>0x239</run_address>
         <size>0x6d</size>
         <input_file_ref idref="fl-2"/>
      </object_component>
      <object_component id="oc-95">
         <name>.debug_line</name>
         <load_address>0x2a6</load_address>
         <run_address>0x2a6</run_address>
         <size>0x6a</size>
         <input_file_ref idref="fl-2"/>
      </object_component>
      <object_component id="oc-90">
         <name>.debug_line</name>
         <load_address>0x310</load_address>
         <run_address>0x310</run_address>
         <size>0x41</size>
         <input_file_ref idref="fl-2"/>
      </object_component>
      <object_component id="oc-104">
         <name>.debug_line</name>
         <load_address>0x351</load_address>
         <run_address>0x351</run_address>
         <size>0x65</size>
         <input_file_ref idref="fl-2"/>
      </object_component>
      <object_component id="oc-10e">
         <name>.debug_line</name>
         <load_address>0x3b6</load_address>
         <run_address>0x3b6</run_address>
         <size>0x3c</size>
         <input_file_ref idref="fl-2"/>
      </object_component>
      <object_component id="oc-280">
         <name>.debug_line</name>
         <load_address>0x3f2</load_address>
         <run_address>0x3f2</run_address>
         <size>0xe6</size>
         <input_file_ref idref="fl-3"/>
      </object_component>
      <object_component id="oc-1ce">
         <name>.debug_line</name>
         <load_address>0x4d8</load_address>
         <run_address>0x4d8</run_address>
         <size>0x30</size>
         <input_file_ref idref="fl-3"/>
      </object_component>
      <object_component id="oc-13b">
         <name>.debug_line</name>
         <load_address>0x508</load_address>
         <run_address>0x508</run_address>
         <size>0xe3</size>
         <input_file_ref idref="fl-3"/>
      </object_component>
      <object_component id="oc-210">
         <name>.debug_line</name>
         <load_address>0x5eb</load_address>
         <run_address>0x5eb</run_address>
         <size>0x55</size>
         <input_file_ref idref="fl-3"/>
      </object_component>
      <object_component id="oc-248">
         <name>.debug_line</name>
         <load_address>0x640</load_address>
         <run_address>0x640</run_address>
         <size>0x20</size>
         <input_file_ref idref="fl-3"/>
      </object_component>
      <object_component id="oc-2a3">
         <name>.debug_line</name>
         <load_address>0x660</load_address>
         <run_address>0x660</run_address>
         <size>0x99</size>
         <input_file_ref idref="fl-5"/>
      </object_component>
      <object_component id="oc-186">
         <name>.debug_line</name>
         <load_address>0x6f9</load_address>
         <run_address>0x6f9</run_address>
         <size>0x65</size>
         <input_file_ref idref="fl-5"/>
      </object_component>
      <object_component id="oc-190">
         <name>.debug_line</name>
         <load_address>0x75e</load_address>
         <run_address>0x75e</run_address>
         <size>0x40</size>
         <input_file_ref idref="fl-5"/>
      </object_component>
      <object_component id="oc-2a7">
         <name>.debug_line</name>
         <load_address>0x79e</load_address>
         <run_address>0x79e</run_address>
         <size>0x44</size>
         <input_file_ref idref="fl-5"/>
      </object_component>
      <object_component id="oc-2ac">
         <name>.debug_line</name>
         <load_address>0x7e2</load_address>
         <run_address>0x7e2</run_address>
         <size>0x44</size>
         <input_file_ref idref="fl-5"/>
      </object_component>
      <object_component id="oc-181">
         <name>.debug_line</name>
         <load_address>0x826</load_address>
         <run_address>0x826</run_address>
         <size>0x3e</size>
         <input_file_ref idref="fl-5"/>
      </object_component>
      <object_component id="oc-238">
         <name>.debug_line</name>
         <load_address>0x864</load_address>
         <run_address>0x864</run_address>
         <size>0x3c</size>
         <input_file_ref idref="fl-6"/>
      </object_component>
      <object_component id="oc-236">
         <name>.debug_line</name>
         <load_address>0x8a0</load_address>
         <run_address>0x8a0</run_address>
         <size>0x3e</size>
         <input_file_ref idref="fl-6"/>
      </object_component>
      <object_component id="oc-234">
         <name>.debug_line</name>
         <load_address>0x8de</load_address>
         <run_address>0x8de</run_address>
         <size>0x3e</size>
         <input_file_ref idref="fl-6"/>
      </object_component>
      <object_component id="oc-df">
         <name>.debug_line</name>
         <load_address>0x91c</load_address>
         <run_address>0x91c</run_address>
         <size>0xc1</size>
         <input_file_ref idref="fl-6"/>
      </object_component>
      <object_component id="oc-23a">
         <name>.debug_line</name>
         <load_address>0x9dd</load_address>
         <run_address>0x9dd</run_address>
         <size>0x20</size>
         <input_file_ref idref="fl-7"/>
      </object_component>
      <object_component id="oc-e5">
         <name>.debug_line</name>
         <load_address>0x9fd</load_address>
         <run_address>0x9fd</run_address>
         <size>0xf2</size>
         <input_file_ref idref="fl-7"/>
      </object_component>
      <object_component id="oc-100">
         <name>.debug_line</name>
         <load_address>0xaef</load_address>
         <run_address>0xaef</run_address>
         <size>0x58</size>
         <input_file_ref idref="fl-8"/>
      </object_component>
      <object_component id="oc-da">
         <name>.debug_line</name>
         <load_address>0xb47</load_address>
         <run_address>0xb47</run_address>
         <size>0x3c</size>
         <input_file_ref idref="fl-8"/>
      </object_component>
      <object_component id="oc-fe">
         <name>.debug_line</name>
         <load_address>0xb83</load_address>
         <run_address>0xb83</run_address>
         <size>0x3c</size>
         <input_file_ref idref="fl-8"/>
      </object_component>
      <object_component id="oc-33">
         <name>.debug_line</name>
         <load_address>0xbbf</load_address>
         <run_address>0xbbf</run_address>
         <size>0x16f</size>
         <input_file_ref idref="fl-8"/>
      </object_component>
      <object_component id="oc-2e">
         <name>.debug_line</name>
         <load_address>0xd2e</load_address>
         <run_address>0xd2e</run_address>
         <size>0xd1</size>
         <input_file_ref idref="fl-9"/>
      </object_component>
      <object_component id="oc-125">
         <name>.debug_line</name>
         <load_address>0xdff</load_address>
         <run_address>0xdff</run_address>
         <size>0x65</size>
         <input_file_ref idref="fl-b"/>
      </object_component>
      <object_component id="oc-17d">
         <name>.debug_line</name>
         <load_address>0xe64</load_address>
         <run_address>0xe64</run_address>
         <size>0xc2</size>
         <input_file_ref idref="fl-c"/>
      </object_component>
      <object_component id="oc-d2">
         <name>.debug_line</name>
         <load_address>0xf26</load_address>
         <run_address>0xf26</run_address>
         <size>0x3d</size>
         <input_file_ref idref="fl-c"/>
      </object_component>
      <object_component id="oc-19d">
         <name>.debug_line</name>
         <load_address>0xf63</load_address>
         <run_address>0xf63</run_address>
         <size>0x3d</size>
         <input_file_ref idref="fl-c"/>
      </object_component>
      <object_component id="oc-1a7">
         <name>.debug_line</name>
         <load_address>0xfa0</load_address>
         <run_address>0xfa0</run_address>
         <size>0x3d</size>
         <input_file_ref idref="fl-c"/>
      </object_component>
      <object_component id="oc-1a9">
         <name>.debug_line</name>
         <load_address>0xfdd</load_address>
         <run_address>0xfdd</run_address>
         <size>0x3d</size>
         <input_file_ref idref="fl-c"/>
      </object_component>
      <object_component id="oc-1a1">
         <name>.debug_line</name>
         <load_address>0x101a</load_address>
         <run_address>0x101a</run_address>
         <size>0x3d</size>
         <input_file_ref idref="fl-c"/>
      </object_component>
      <object_component id="oc-1a5">
         <name>.debug_line</name>
         <load_address>0x1057</load_address>
         <run_address>0x1057</run_address>
         <size>0x3d</size>
         <input_file_ref idref="fl-c"/>
      </object_component>
      <object_component id="oc-19f">
         <name>.debug_line</name>
         <load_address>0x1094</load_address>
         <run_address>0x1094</run_address>
         <size>0x3d</size>
         <input_file_ref idref="fl-c"/>
      </object_component>
      <object_component id="oc-1a3">
         <name>.debug_line</name>
         <load_address>0x10d1</load_address>
         <run_address>0x10d1</run_address>
         <size>0x3d</size>
         <input_file_ref idref="fl-c"/>
      </object_component>
      <object_component id="oc-80">
         <name>.debug_line</name>
         <load_address>0x110e</load_address>
         <run_address>0x110e</run_address>
         <size>0xe60</size>
         <input_file_ref idref="fl-c"/>
      </object_component>
      <object_component id="oc-d7">
         <name>.debug_line</name>
         <load_address>0x1f6e</load_address>
         <run_address>0x1f6e</run_address>
         <size>0x3c</size>
         <input_file_ref idref="fl-c"/>
      </object_component>
      <object_component id="oc-18b">
         <name>.debug_line</name>
         <load_address>0x1faa</load_address>
         <run_address>0x1faa</run_address>
         <size>0x3d</size>
         <input_file_ref idref="fl-c"/>
      </object_component>
      <object_component id="oc-98">
         <name>.debug_line</name>
         <load_address>0x1fe7</load_address>
         <run_address>0x1fe7</run_address>
         <size>0x50</size>
         <input_file_ref idref="fl-e"/>
      </object_component>
      <object_component id="oc-36">
         <name>.debug_line</name>
         <load_address>0x2037</load_address>
         <run_address>0x2037</run_address>
         <size>0x50</size>
         <input_file_ref idref="fl-e"/>
      </object_component>
      <object_component id="oc-28">
         <name>.debug_line</name>
         <load_address>0x2087</load_address>
         <run_address>0x2087</run_address>
         <size>0xb0</size>
         <input_file_ref idref="fl-e"/>
      </object_component>
      <object_component id="oc-258">
         <name>.debug_line</name>
         <load_address>0x2137</load_address>
         <run_address>0x2137</run_address>
         <size>0xb2</size>
         <input_file_ref idref="fl-f"/>
      </object_component>
      <object_component id="oc-1b2">
         <name>.debug_line</name>
         <load_address>0x21e9</load_address>
         <run_address>0x21e9</run_address>
         <size>0x32</size>
         <input_file_ref idref="fl-f"/>
      </object_component>
      <object_component id="oc-132">
         <name>.debug_line</name>
         <load_address>0x221b</load_address>
         <run_address>0x221b</run_address>
         <size>0x71</size>
         <input_file_ref idref="fl-f"/>
      </object_component>
      <object_component id="oc-44">
         <name>.debug_line</name>
         <load_address>0x228c</load_address>
         <run_address>0x228c</run_address>
         <size>0x88</size>
         <input_file_ref idref="fl-ca"/>
      </object_component>
      <object_component id="oc-b7">
         <name>.debug_line</name>
         <load_address>0x2314</load_address>
         <run_address>0x2314</run_address>
         <size>0x79</size>
         <input_file_ref idref="fl-cb"/>
      </object_component>
      <object_component id="oc-128">
         <name>.debug_line</name>
         <load_address>0x238d</load_address>
         <run_address>0x238d</run_address>
         <size>0x9e</size>
         <input_file_ref idref="fl-cc"/>
      </object_component>
      <object_component id="oc-57">
         <name>.debug_line</name>
         <load_address>0x242b</load_address>
         <run_address>0x242b</run_address>
         <size>0x4f</size>
         <input_file_ref idref="fl-cc"/>
      </object_component>
      <object_component id="oc-b0">
         <name>.debug_line</name>
         <load_address>0x247a</load_address>
         <run_address>0x247a</run_address>
         <size>0x34</size>
         <input_file_ref idref="fl-cc"/>
      </object_component>
      <object_component id="oc-ab">
         <name>.debug_line</name>
         <load_address>0x24ae</load_address>
         <run_address>0x24ae</run_address>
         <size>0x20</size>
         <input_file_ref idref="fl-cd"/>
      </object_component>
      <object_component id="oc-19">
         <name>.debug_line</name>
         <load_address>0x24ce</load_address>
         <run_address>0x24ce</run_address>
         <size>0x55</size>
         <input_file_ref idref="fl-cd"/>
      </object_component>
      <object_component id="oc-4c">
         <name>.debug_line</name>
         <load_address>0x2523</load_address>
         <run_address>0x2523</run_address>
         <size>0x3a</size>
         <input_file_ref idref="fl-cd"/>
      </object_component>
      <object_component id="oc-a8">
         <name>.debug_line</name>
         <load_address>0x255d</load_address>
         <run_address>0x255d</run_address>
         <size>0x8a</size>
         <input_file_ref idref="fl-cd"/>
      </object_component>
      <object_component id="oc-121">
         <name>.debug_line</name>
         <load_address>0x25e7</load_address>
         <run_address>0x25e7</run_address>
         <size>0x20</size>
         <input_file_ref idref="fl-ce"/>
      </object_component>
      <object_component id="oc-16">
         <name>.debug_line</name>
         <load_address>0x2607</load_address>
         <run_address>0x2607</run_address>
         <size>0xa9</size>
         <input_file_ref idref="fl-ce"/>
      </object_component>
      <object_component id="oc-3c">
         <name>.debug_line</name>
         <load_address>0x26b0</load_address>
         <run_address>0x26b0</run_address>
         <size>0x3a</size>
         <input_file_ref idref="fl-ce"/>
      </object_component>
      <object_component id="oc-11e">
         <name>.debug_line</name>
         <load_address>0x26ea</load_address>
         <run_address>0x26ea</run_address>
         <size>0x92</size>
         <input_file_ref idref="fl-ce"/>
      </object_component>
      <object_component id="oc-a1">
         <name>.debug_line</name>
         <load_address>0x277c</load_address>
         <run_address>0x277c</run_address>
         <size>0x8e</size>
         <input_file_ref idref="fl-ce"/>
      </object_component>
      <object_component id="oc-74">
         <name>.debug_line</name>
         <load_address>0x280a</load_address>
         <run_address>0x280a</run_address>
         <size>0x33</size>
         <input_file_ref idref="fl-cf"/>
      </object_component>
      <object_component id="oc-65">
         <name>.debug_line</name>
         <load_address>0x283d</load_address>
         <run_address>0x283d</run_address>
         <size>0x56</size>
         <input_file_ref idref="fl-cf"/>
      </object_component>
      <object_component id="oc-141">
         <name>.debug_line</name>
         <load_address>0x2893</load_address>
         <run_address>0x2893</run_address>
         <size>0x3c</size>
         <input_file_ref idref="fl-d0"/>
      </object_component>
      <object_component id="oc-290">
         <name>.debug_line</name>
         <load_address>0x28cf</load_address>
         <run_address>0x28cf</run_address>
         <size>0xb7</size>
         <input_file_ref idref="fl-d3"/>
      </object_component>
      <object_component id="oc-14c">
         <name>.debug_line</name>
         <load_address>0x2986</load_address>
         <run_address>0x2986</run_address>
         <size>0x6c</size>
         <input_file_ref idref="fl-d3"/>
      </object_component>
      <object_component id="oc-294">
         <name>.debug_line</name>
         <load_address>0x29f2</load_address>
         <run_address>0x29f2</run_address>
         <size>0x2e</size>
         <input_file_ref idref="fl-d3"/>
      </object_component>
      <object_component id="oc-2c9">
         <name>.debug_line</name>
         <load_address>0x2a20</load_address>
         <run_address>0x2a20</run_address>
         <size>0x92</size>
         <input_file_ref idref="fl-d3"/>
      </object_component>
      <object_component id="oc-299">
         <name>.debug_line</name>
         <load_address>0x2ab2</load_address>
         <run_address>0x2ab2</run_address>
         <size>0x8f</size>
         <input_file_ref idref="fl-d3"/>
      </object_component>
      <object_component id="oc-29e">
         <name>.debug_line</name>
         <load_address>0x2b41</load_address>
         <run_address>0x2b41</run_address>
         <size>0x8b</size>
         <input_file_ref idref="fl-d3"/>
      </object_component>
      <object_component id="oc-bc">
         <name>.debug_line</name>
         <load_address>0x2bcc</load_address>
         <run_address>0x2bcc</run_address>
         <size>0x40</size>
         <input_file_ref idref="fl-d4"/>
      </object_component>
      <object_component id="oc-2bc">
         <name>.debug_line</name>
         <load_address>0x2c0c</load_address>
         <run_address>0x2c0c</run_address>
         <size>0x82</size>
         <input_file_ref idref="fl-d6"/>
      </object_component>
      <object_component id="oc-2c0">
         <name>.debug_line</name>
         <load_address>0x2c8e</load_address>
         <run_address>0x2c8e</run_address>
         <size>0x7c</size>
         <input_file_ref idref="fl-d6"/>
      </object_component>
      <object_component id="oc-201">
         <name>.debug_line</name>
         <load_address>0x2d0a</load_address>
         <run_address>0x2d0a</run_address>
         <size>0xb2</size>
         <input_file_ref idref="fl-d6"/>
      </object_component>
      <object_component id="oc-26d">
         <name>.debug_line</name>
         <load_address>0x2dbc</load_address>
         <run_address>0x2dbc</run_address>
         <size>0xa2</size>
         <input_file_ref idref="fl-d6"/>
      </object_component>
      <object_component id="oc-1fb">
         <name>.debug_line</name>
         <load_address>0x2e5e</load_address>
         <run_address>0x2e5e</run_address>
         <size>0x131</size>
         <input_file_ref idref="fl-d6"/>
      </object_component>
      <object_component id="oc-27a">
         <name>.debug_line</name>
         <load_address>0x2f8f</load_address>
         <run_address>0x2f8f</run_address>
         <size>0xa5</size>
         <input_file_ref idref="fl-d6"/>
      </object_component>
      <object_component id="oc-207">
         <name>.debug_line</name>
         <load_address>0x3034</load_address>
         <run_address>0x3034</run_address>
         <size>0x10e</size>
         <input_file_ref idref="fl-d6"/>
      </object_component>
      <object_component id="oc-1e2">
         <name>.debug_line</name>
         <load_address>0x3142</load_address>
         <run_address>0x3142</run_address>
         <size>0xa9</size>
         <input_file_ref idref="fl-d6"/>
      </object_component>
      <object_component id="oc-1f4">
         <name>.debug_line</name>
         <load_address>0x31eb</load_address>
         <run_address>0x31eb</run_address>
         <size>0x91</size>
         <input_file_ref idref="fl-d6"/>
      </object_component>
      <object_component id="oc-1ee">
         <name>.debug_line</name>
         <load_address>0x327c</load_address>
         <run_address>0x327c</run_address>
         <size>0xd0</size>
         <input_file_ref idref="fl-d6"/>
      </object_component>
      <object_component id="oc-275">
         <name>.debug_line</name>
         <load_address>0x334c</load_address>
         <run_address>0x334c</run_address>
         <size>0x7c</size>
         <input_file_ref idref="fl-d6"/>
      </object_component>
      <object_component id="oc-23f">
         <name>.debug_line</name>
         <load_address>0x33c8</load_address>
         <run_address>0x33c8</run_address>
         <size>0x69</size>
         <input_file_ref idref="fl-d6"/>
      </object_component>
      <object_component id="oc-2af">
         <name>.debug_line</name>
         <load_address>0x3431</load_address>
         <run_address>0x3431</run_address>
         <size>0x82</size>
         <input_file_ref idref="fl-d7"/>
      </object_component>
      <object_component id="oc-2ba">
         <name>.debug_line</name>
         <load_address>0x34b3</load_address>
         <run_address>0x34b3</run_address>
         <size>0x7d</size>
         <input_file_ref idref="fl-d7"/>
      </object_component>
      <object_component id="oc-1b5">
         <name>.debug_line</name>
         <load_address>0x3530</load_address>
         <run_address>0x3530</run_address>
         <size>0x92</size>
         <input_file_ref idref="fl-d7"/>
      </object_component>
      <object_component id="oc-252">
         <name>.debug_line</name>
         <load_address>0x35c2</load_address>
         <run_address>0x35c2</run_address>
         <size>0x95</size>
         <input_file_ref idref="fl-d7"/>
      </object_component>
      <object_component id="oc-24c">
         <name>.debug_line</name>
         <load_address>0x3657</load_address>
         <run_address>0x3657</run_address>
         <size>0xd1</size>
         <input_file_ref idref="fl-d7"/>
      </object_component>
      <object_component id="oc-1c7">
         <name>.debug_line</name>
         <load_address>0x3728</load_address>
         <run_address>0x3728</run_address>
         <size>0x99</size>
         <input_file_ref idref="fl-d7"/>
      </object_component>
      <object_component id="oc-1dd">
         <name>.debug_line</name>
         <load_address>0x37c1</load_address>
         <run_address>0x37c1</run_address>
         <size>0x93</size>
         <input_file_ref idref="fl-d7"/>
      </object_component>
      <object_component id="oc-1d7">
         <name>.debug_line</name>
         <load_address>0x3854</load_address>
         <run_address>0x3854</run_address>
         <size>0xa7</size>
         <input_file_ref idref="fl-d7"/>
      </object_component>
      <object_component id="oc-2b1">
         <name>.debug_line</name>
         <load_address>0x38fb</load_address>
         <run_address>0x38fb</run_address>
         <size>0x13d</size>
         <input_file_ref idref="fl-d9"/>
      </object_component>
      <object_component id="oc-2be">
         <name>.debug_line</name>
         <load_address>0x3a38</load_address>
         <run_address>0x3a38</run_address>
         <size>0x7f</size>
         <input_file_ref idref="fl-d9"/>
      </object_component>
      <object_component id="oc-1c4">
         <name>.debug_line</name>
         <load_address>0x3ab7</load_address>
         <run_address>0x3ab7</run_address>
         <size>0x94</size>
         <input_file_ref idref="fl-d9"/>
      </object_component>
      <object_component id="oc-1bd">
         <name>.debug_line</name>
         <load_address>0x3b4b</load_address>
         <run_address>0x3b4b</run_address>
         <size>0x94</size>
         <input_file_ref idref="fl-d9"/>
      </object_component>
      <object_component id="oc-1d3">
         <name>.debug_line</name>
         <load_address>0x3bdf</load_address>
         <run_address>0x3bdf</run_address>
         <size>0xee</size>
         <input_file_ref idref="fl-d9"/>
      </object_component>
      <object_component id="oc-1eb">
         <name>.debug_line</name>
         <load_address>0x3ccd</load_address>
         <run_address>0x3ccd</run_address>
         <size>0x11a</size>
         <input_file_ref idref="fl-d9"/>
      </object_component>
      <object_component id="oc-2b5">
         <name>.debug_line</name>
         <load_address>0x3de7</load_address>
         <run_address>0x3de7</run_address>
         <size>0x7f</size>
         <input_file_ref idref="fl-d9"/>
      </object_component>
      <object_component id="oc-c4">
         <name>.debug_frame</name>
         <load_address>0x0</load_address>
         <run_address>0x0</run_address>
         <size>0x60</size>
         <input_file_ref idref="fl-2"/>
      </object_component>
      <object_component id="oc-13c">
         <name>.debug_frame</name>
         <load_address>0x60</load_address>
         <run_address>0x60</run_address>
         <size>0xa8</size>
         <input_file_ref idref="fl-3"/>
      </object_component>
      <object_component id="oc-e0">
         <name>.debug_frame</name>
         <load_address>0x108</load_address>
         <run_address>0x108</run_address>
         <size>0x9c</size>
         <input_file_ref idref="fl-6"/>
      </object_component>
      <object_component id="oc-e6">
         <name>.debug_frame</name>
         <load_address>0x1a4</load_address>
         <run_address>0x1a4</run_address>
         <size>0xb8</size>
         <input_file_ref idref="fl-7"/>
      </object_component>
      <object_component id="oc-34">
         <name>.debug_frame</name>
         <load_address>0x25c</load_address>
         <run_address>0x25c</run_address>
         <size>0x110</size>
         <input_file_ref idref="fl-8"/>
      </object_component>
      <object_component id="oc-81">
         <name>.debug_frame</name>
         <load_address>0x36c</load_address>
         <run_address>0x36c</run_address>
         <size>0x6ec</size>
         <input_file_ref idref="fl-c"/>
      </object_component>
      <object_component id="oc-29">
         <name>.debug_frame</name>
         <load_address>0xa58</load_address>
         <run_address>0xa58</run_address>
         <size>0x90</size>
         <input_file_ref idref="fl-e"/>
      </object_component>
[...]
      <symbol id="sm-b5">
         <name>CAN_TX_Init</name>
         <value>0x1f4d</value>
         <object_component_ref idref="oc-137"/>
      </symbol>
      <symbol id="sm-b6">
         <name>handler_init_CAN_Tx</name>
         <value>0x20005124</value>
         <object_component_ref idref="oc-134"/>
      </symbol>
      <symbol id="sm-fa">
         <name>vPortInitialiseBlocks</name>
         <value>0x29e7</value>
         <object_component_ref idref="oc-db"/>
      </symbol>
      <symbol id="sm-fb">
         <name>xPortGetFreeHeapSize</name>
         <value>0x29ef</value>
         <object_component_ref idref="oc-db"/>
      </symbol>
      <symbol id="sm-fc">
         <name>pvPortMalloc</name>
         <value>0x296d</value>
         <object_component_ref idref="oc-db"/>
      </symbol>
      <symbol id="sm-fd">
         <name>vPortFree</name>
         <value>0x29dd</value>
         <object_component_ref idref="oc-db"/>
      </symbol>
      <symbol id="sm-113">
         <name>uxListRemove</name>
         <value>0x2437</value>
         <object_component_ref idref="oc-e1"/>
      </symbol>
      <symbol id="sm-114">
         <name>vListInsert</name>
         <value>0x23c9</value>
         <object_component_ref idref="oc-e1"/>
      </symbol>
      <symbol id="sm-115">
         <name>vListInitialiseItem</name>
         <value>0x237d</value>
         <object_component_ref idref="oc-e1"/>
      </symbol>
      <symbol id="sm-116">
         <name>vListInsertEnd</name>
         <value>0x238d</value>
         <object_component_ref idref="oc-e1"/>
      </symbol>
      <symbol id="sm-117">
         <name>vListInitialise</name>
         <value>0x234d</value>
         <object_component_ref idref="oc-e1"/>
      </symbol>
      <symbol id="sm-154">
         <name>ulMaxSyscallInterruptPriority</name>
         <value>0x3000</value>
         <object_component_ref idref="oc-79"/>
      </symbol>
      <symbol id="sm-155">
         <name>vPortSetupTimerInterrupt</name>
         <value>0x1ee5</value>
         <object_component_ref idref="oc-2f"/>
      </symbol>
      <symbol id="sm-156">
         <name>vPortEndScheduler</name>
         <value>0x1e87</value>
         <object_component_ref idref="oc-2f"/>
      </symbol>
      <symbol id="sm-157">
         <name>xPortSysTickHandler</name>
         <value>0x1ebf</value>
         <object_component_ref idref="oc-2f"/>
      </symbol>
      <symbol id="sm-158">
         <name>vPortValidateInterruptPriority</name>
         <value>0x1f01</value>
         <object_component_ref idref="oc-2f"/>
      </symbol>
      <symbol id="sm-159">
         <name>pxPortInitialiseStack</name>
         <value>0x1d89</value>
         <object_component_ref idref="oc-2f"/>
      </symbol>
      <symbol id="sm-15a">
         <name>vPortExitCritical</name>
         <value>0x1ea9</value>
         <object_component_ref idref="oc-2f"/>
      </symbol>
      <symbol id="sm-15b">
         <name>xPortStartScheduler</name>
         <value>0x1df3</value>
         <object_component_ref idref="oc-2f"/>
      </symbol>
      <symbol id="sm-15c">
         <name>vPortEnterCritical</name>
         <value>0x1e89</value>
         <object_component_ref idref="oc-2f"/>
      </symbol>
      <symbol id="sm-16b">
         <name>vPortStartFirstTask</name>
         <value>0x2939</value>
         <object_component_ref idref="oc-2a"/>
      </symbol>
      <symbol id="sm-16c">
         <name>ulPortGetIPSR</name>
         <value>0x28a1</value>
         <object_component_ref idref="oc-2a"/>
      </symbol>
      <symbol id="sm-16d">
         <name>vPortEnableVFP</name>
         <value>0x295d</value>
         <object_component_ref idref="oc-2a"/>
      </symbol>
      <symbol id="sm-16e">
         <name>xPortPendSVHandler</name>
         <value>0x28b9</value>
         <object_component_ref idref="oc-2a"/>
      </symbol>
      <symbol id="sm-16f">
         <name>vPortSVCHandler</name>
         <value>0x2919</value>
         <object_component_ref idref="oc-2a"/>
      </symbol>
      <symbol id="sm-390">
         <name>vTaskDelay</name>
         <value>0x5c1</value>
         <object_component_ref idref="oc-7c"/>
      </symbol>
      <symbol id="sm-391">
         <name>vTaskSuspendAll</name>
         <value>0xabb</value>
         <object_component_ref idref="oc-7c"/>
      </symbol>
      <symbol id="sm-392">
         <name>vTaskPlaceOnEventList</name>
         <value>0x10a3</value>
         <object_component_ref idref="oc-7c"/>
      </symbol>
      <symbol id="sm-393">
         <name>vTaskSetTaskNumber</name>
         <value>0x1307</value>
         <object_component_ref idref="oc-7c"/>
      </symbol>
      <symbol id="sm-394">
         <name>uxTaskPriorityGetFromISR</name>
         <value>0x6e1</value>
         <object_component_ref idref="oc-7c"/>
      </symbol>
      <symbol id="sm-395">
         <name>ulTaskNotifyTake</name>
         <value>0x1899</value>
         <object_component_ref idref="oc-7c"/>
      </symbol>
      <symbol id="sm-396">
         <name>pcTaskGetName</name>
         <value>0xc0b</value>
         <object_component_ref idref="oc-7c"/>
      </symbol>
      <symbol id="sm-397">
         <name>xTaskCheckForTimeOut</name>
         <value>0x1239</value>
         <object_component_ref idref="oc-7c"/>
      </symbol>
      <symbol id="sm-398">
         <name>vTaskRemoveFromUnorderedEventList</name>
         <value>0x1189</value>
         <object_component_ref idref="oc-7c"/>
      </symbol>
      <symbol id="sm-399">
         <name>vTaskPrioritySet</name>
         <value>0x731</value>
         <object_component_ref idref="oc-7c"/>
      </symbol>
      <symbol id="sm-39a">
         <name>xTaskPriorityDisinherit</name>
         <value>0x170f</value>
         <object_component_ref idref="oc-7c"/>
      </symbol>
      <symbol id="sm-39b">
         <name>xTaskAbortDelay</name>
         <value>0xe7d</value>
         <object_component_ref idref="oc-7c"/>
      </symbol>
      <symbol id="sm-39c">
         <name>vTaskStartScheduler</name>
         <value>0xa55</value>
         <object_component_ref idref="oc-7c"/>
      </symbol>
      <symbol id="sm-39d">
         <name>vTaskInternalSetTimeOutState</name>
         <value>0x1219</value>
         <object_component_ref idref="oc-7c"/>
      </symbol>
      <symbol id="sm-39e">
         <name>xTaskNotifyStateClear</name>
         <value>0x1c81</value>
         <object_component_ref idref="oc-7c"/>
      </symbol>
      <symbol id="sm-39f">
         <name>pvTaskIncrementMutexHeldCount</name>
         <value>0x1879</value>
         <object_component_ref idref="oc-7c"/>
      </symbol>
      <symbol id="sm-3a0">
         <name>uxTaskGetStackHighWaterMark</name>
         <value>0x157d</value>
         <object_component_ref idref="oc-7c"/>
      </symbol>
      <symbol id="sm-3a1">
         <name>xTaskGenericNotify</name>
         <value>0x19cb</value>
         <object_component_ref idref="oc-7c"/>
      </symbol>
      <symbol id="sm-3a2">
         <name>vTaskPriorityDisinheritAfterTimeout</name>
         <value>0x1795</value>
         <object_component_ref idref="oc-7c"/>
      </symbol>
      <symbol id="sm-3a3">
         <name>xTaskCreate</name>
         <value>0x26d</value>
         <object_component_ref idref="oc-7c"/>
      </symbol>
      <symbol id="sm-3a4">
         <name>vTaskDelayUntil</name>
         <value>0x513</value>
         <object_component_ref idref="oc-7c"/>
      </symbol>
      <symbol id="sm-3a5">
         <name>uxTaskGetTaskNumber</name>
         <value>0x12e7</value>
         <object_component_ref idref="oc-7c"/>
      </symbol>
      <symbol id="sm-3a6">
         <name>vTaskEndScheduler</name>
         <value>0xa9f</value>
         <object_component_ref idref="oc-7c"/>
      </symbol>
      <symbol id="sm-3a7">
         <name>xTaskNotifyWait</name>
         <value>0x1921</value>
         <object_component_ref idref="oc-7c"/>
      </symbol>
      <symbol id="sm-3a8">
         <name>vTaskMissedYield</name>
         <value>0x12df</value>
         <object_component_ref idref="oc-7c"/>
      </symbol>
      <symbol id="sm-3a9">
         <name>uxTaskGetNumberOfTasks</name>
         <value>0xc05</value>
         <object_component_ref idref="oc-7c"/>
      </symbol>
      <symbol id="sm-3aa">
         <name>xTaskGenericNotifyFromISR</name>
         <value>0x1abd</value>
         <object_component_ref idref="oc-7c"/>
      </symbol>
      <symbol id="sm-3ab">
         <name>vTaskGetInfo</name>
         <value>0x13e9</value>
         <object_component_ref idref="oc-7c"/>
      </symbol>
      <symbol id="sm-3ac">
         <name>uxTaskPriorityGet</name>
         <value>0x6b1</value>
         <object_component_ref idref="oc-7c"/>
      </symbol>
      <symbol id="sm-3ad">
         <name>xTaskResumeAll</name>
         <value>0xad1</value>
         <object_component_ref idref="oc-7c"/>
      </symbol>
      <symbol id="sm-3ae">
         <name>xTaskGetHandle</name>
         <value>0xd11</value>
         <object_component_ref idref="oc-7c"/>
      </symbol>
      <symbol id="sm-3af">
         <name>xTaskGetTickCount</name>
         <value>0xbb9</value>
         <object_component_ref idref="oc-7c"/>
      </symbol>
      <symbol id="sm-3b0">
         <name>uxTaskGetSystemState</name>
         <value>0xd9d</value>
         <object_component_ref idref="oc-7c"/>
      </symbol>
      <symbol id="sm-3b1">
         <name>vTaskDelete</name>
         <value>0x483</value>
         <object_component_ref idref="oc-7c"/>
      </symbol>
      <symbol id="sm-3b2">
         <name>pxCurrentTCB</name>
         <value>0x200050f0</value>
         <object_component_ref idref="oc-76"/>
      </symbol>
      <symbol id="sm-3b3">
         <name>vTaskNotifyGiveFromISR</name>
         <value>0x1bcd</value>
         <object_component_ref idref="oc-7c"/>
      </symbol>
      <symbol id="sm-3b4">
         <name>eTaskGetState</name>
         <value>0x605</value>
         <object_component_ref idref="oc-7c"/>
      </symbol>
      <symbol id="sm-3b5">
         <name>vTaskSuspend</name>
         <value>0x845</value>
         <object_component_ref idref="oc-7c"/>
      </symbol>
      <symbol id="sm-3b6">
         <name>xTaskGetIdleTaskHandle</name>
         <value>0xe6f</value>
         <object_component_ref idref="oc-7c"/>
      </symbol>
      <symbol id="sm-3b7">
         <name>xTaskGetTickCountFromISR</name>
         <value>0xbd1</value>
         <object_component_ref idref="oc-7c"/>
      </symbol>
      <symbol id="sm-3b8">
         <name>vTaskResume</name>
         <value>0x939</value>
         <object_component_ref idref="oc-7c"/>
      </symbol>
      <symbol id="sm-3b9">
         <name>vTaskSetTimeOutState</name>
         <value>0x11f1</value>
         <object_component_ref idref="oc-7c"/>
      </symbol>
      <symbol id="sm-3ba">
         <name>xTaskIncrementTick</name>
         <value>0xf09</value>
         <object_component_ref idref="oc-7c"/>
      </symbol>
      <symbol id="sm-3bb">
         <name>vTaskSwitchContext</name>
         <value>0x101d</value>
         <object_component_ref idref="oc-7c"/>
      </symbol>
      <symbol id="sm-3bc">
         <name>uxTaskResetEventItemValue</name>
         <value>0x184d</value>
         <object_component_ref idref="oc-7c"/>
      </symbol>
      <symbol id="sm-3bd">
         <name>xTaskGetSchedulerState</name>
         <value>0x1621</value>
         <object_component_ref idref="oc-7c"/>
      </symbol>
      <symbol id="sm-3be">
         <name>xTaskResumeFromISR</name>
         <value>0x9b7</value>
         <object_component_ref idref="oc-7c"/>
      </symbol>
      <symbol id="sm-3bf">
         <name>xTaskGetCurrentTaskHandle</name>
         <value>0x15f5</value>
         <object_component_ref idref="oc-7c"/>
      </symbol>
      <symbol id="sm-3c0">
         <name>vTaskPlaceOnUnorderedEventList</name>
         <value>0x10c3</value>
         <object_component_ref idref="oc-7c"/>
      </symbol>
      <symbol id="sm-3c1">
         <name>xTaskRemoveFromEventList</name>
         <value>0x10f9</value>
         <object_component_ref idref="oc-7c"/>
      </symbol>
      <symbol id="sm-3c2">
         <name>xTaskPriorityInherit</name>
         <value>0x1651</value>
         <object_component_ref idref="oc-7c"/>
      </symbol>
      <symbol id="sm-3df">
         <name>ResetISR</name>
         <value>0x2eb9</value>
         <object_component_ref idref="oc-24"/>
      </symbol>
      <symbol id="sm-3e0">
         <name>g_pfnVectors</name>
         <value>0x0</value>
         <object_component_ref idref="oc-f"/>
      </symbol>
      <symbol id="sm-3fa">
         <name>init_GPIO</name>
         <value>0x2c1f</value>
         <object_component_ref idref="oc-12e"/>
      </symbol>
      <symbol id="sm-3fb">
         <name>toggle_LED_one</name>
         <value>0x2bf5</value>
         <object_component_ref idref="oc-12e"/>
      </symbol>
      <symbol id="sm-3fc">
         <name>handler_init_GPIO</name>
         <value>0x20005148</value>
         <object_component_ref idref="oc-12b"/>
      </symbol>
      <symbol id="sm-417">
         <name>memcpy</name>
         <value>0x2a09</value>
         <object_component_ref idref="oc-43"/>
      </symbol>
      <symbol id="sm-418">
         <name>__aeabi_memcpy</name>
         <value>0x2a09</value>
         <object_component_ref idref="oc-43"/>
      </symbol>
      <symbol id="sm-419">
         <name>__aeabi_memcpy8</name>
         <value>0x2a09</value>
         <object_component_ref idref="oc-43"/>
      </symbol>
      <symbol id="sm-41a">
         <name>__aeabi_memcpy4</name>
         <value>0x2a09</value>
         <object_component_ref idref="oc-43"/>
      </symbol>
      <symbol id="sm-429">
         <name>__aeabi_memset</name>
         <value>0x2aa7</value>
         <object_component_ref idref="oc-b3"/>
      </symbol>
      <symbol id="sm-42a">
         <name>memset</name>
         <value>0x2aad</value>
         <object_component_ref idref="oc-b3"/>
      </symbol>
      <symbol id="sm-42b">
         <name>__aeabi_memset8</name>
         <value>0x2aa7</value>
         <object_component_ref idref="oc-b3"/>
      </symbol>
      <symbol id="sm-42c">
         <name>__aeabi_memset4</name>
         <value>0x2aa7</value>
         <object_component_ref idref="oc-b3"/>
      </symbol>
      <symbol id="sm-42d">
         <name>__aeabi_memclr8</name>
         <value>0x2aa5</value>
         <object_component_ref idref="oc-b3"/>
      </symbol>
      <symbol id="sm-42e">
         <name>__aeabi_memclr4</name>
         <value>0x2aa5</value>
         <object_component_ref idref="oc-b3"/>
      </symbol>
      <symbol id="sm-42f">
         <name>__aeabi_memclr</name>
         <value>0x2aa5</value>
         <object_component_ref idref="oc-b3"/>
      </symbol>
      <symbol id="sm-441">
         <name>__TI_zero_init</name>
         <value>0x2ead</value>
         <object_component_ref idref="oc-55"/>
      </symbol>
      <symbol id="sm-458">
         <name>__TI_decompress_none</name>
         <value>0x2e9f</value>
         <object_component_ref idref="oc-18"/>
      </symbol>
      <symbol id="sm-47b">
         <name>__TI_decompress_lzss</name>
         <value>0x2b8d</value>
         <object_component_ref idref="oc-12"/>
      </symbol>
      <symbol id="sm-48e">
         <name>__stack</name>
         <value>0x20004ef0</value>
         <object_component_ref idref="oc-21"/>
      </symbol>
      <symbol id="sm-48f">
         <name>_c_int00_noargs</name>
         <value>0x2d91</value>
         <object_component_ref idref="oc-61"/>
      </symbol>
      <symbol id="sm-49a">
         <name>C$$EXIT</name>
         <value>0x2edf</value>
         <object_component_ref idref="oc-13e"/>
      </symbol>
      <symbol id="sm-49b">
         <name>abort</name>
         <value>0x2edf</value>
         <object_component_ref idref="oc-13e"/>
      </symbol>
      <symbol id="sm-4c5">
         <name>__TI_auto_init_nobinit_nopinit</name>
         <value>0x2c99</value>
         <object_component_ref idref="oc-14a"/>
      </symbol>
      <symbol id="sm-4cf">
         <name>_system_pre_init</name>
         <value>0x2edb</value>
         <object_component_ref idref="oc-b9"/>
      </symbol>
      <symbol id="sm-55a">
         <name>CANMessageGet</name>
         <value>0x2591</value>
         <object_component_ref idref="oc-205"/>
      </symbol>
      <symbol id="sm-55b">
         <name>CANBitRateSet</name>
         <value>0x2b21</value>
         <object_component_ref idref="oc-1ed"/>
      </symbol>
      <symbol id="sm-55c">
         <name>CANEnable</name>
         <value>0x2ec5</value>
         <object_component_ref idref="oc-1f3"/>
      </symbol>
      <symbol id="sm-55d">
         <name>CANStatusGet</name>
         <value>0x2cdd</value>
         <object_component_ref idref="oc-1ff"/>
      </symbol>
      <symbol id="sm-55e">
         <name>CANMessageSet</name>
         <value>0x20e5</value>
         <object_component_ref idref="oc-1f9"/>
      </symbol>
      <symbol id="sm-55f">
         <name>CANInit</name>
         <value>0x2d1d</value>
         <object_component_ref idref="oc-1e1"/>
      </symbol>
      <symbol id="sm-5a1">
         <name>GPIOPinConfigure</name>
         <value>0x2c51</value>
         <object_component_ref idref="oc-1d5"/>
      </symbol>
      <symbol id="sm-5a2">
         <name>GPIOPinTypeGPIOOutput</name>
         <value>0x2e75</value>
         <object_component_ref idref="oc-1c5"/>
      </symbol>
      <symbol id="sm-5a3">
         <name>GPIODirModeSet</name>
         <value>0x2dfd</value>
         <object_component_ref idref="oc-250"/>
      </symbol>
      <symbol id="sm-5a4">
         <name>GPIOPinWrite</name>
         <value>0x2ecf</value>
         <object_component_ref idref="oc-1b3"/>
      </symbol>
      <symbol id="sm-5a5">
         <name>GPIOPadConfigSet</name>
         <value>0x221b</value>
         <object_component_ref idref="oc-24a"/>
      </symbol>
      <symbol id="sm-5a6">
         <name>GPIOPinTypeCAN</name>
         <value>0x2e8d</value>
         <object_component_ref idref="oc-1db"/>
      </symbol>
      <symbol id="sm-604">
         <name>SysCtlClockSet</name>
         <value>0x279d</value>
         <object_component_ref idref="oc-1cf"/>
      </symbol>
      <symbol id="sm-605">
         <name>SysCtlDelay</name>
         <value>0x2ed5</value>
         <object_component_ref idref="oc-259"/>
      </symbol>
      <symbol id="sm-606">
         <name>SysCtlPeripheralEnable</name>
         <value>0x2dc9</value>
         <object_component_ref idref="oc-1b9"/>
      </symbol>
      <symbol id="sm-607">
         <name>SysCtlClockGet</name>
         <value>0x2481</value>
         <object_component_ref idref="oc-1e7"/>
      </symbol>
      <symbol id="sm-608">
         <name>SysCtlPeripheralReady</name>
         <value>0x2d59</value>
         <object_component_ref idref="oc-1bf"/>
      </symbol>
      <symbol id="sm-60a">
         <name>__TI_static_base__</name>
         <value>0x0</value>
      </symbol>
      <symbol id="sm-60d">
         <name>__mpu_init</name>
         <value>0x0</value>
      </symbol>
      <symbol id="sm-60e">
         <name>_system_post_cinit</name>
         <value>0x0</value>
      </symbol>
   </symbol_table>
   <title>Link successful</title>
</link_info>
