******************************************************************************
                  TI ARM Linker PC v18.1.1                     
******************************************************************************
>> Linked Thu Jul  4 20:17:23 2019

OUTPUT FILE NAME:   <FreeRTOS_Tiva.out>
ENTRY POINT SYMBOL: "_c_int00_noargs"  address: 00002d91


MEMORY CONFIGURATION

         name            origin    length      used     unused   attr    fill
----------------------  --------  ---------  --------  --------  ----  --------
  FLASH                 00000000   00040000  00003046  0003cfba  R  X
  SRAM                  20000000   00008000  0000514c  00002eb4  RW X


SEGMENT ALLOCATION MAP

run origin  load origin   length   init length attrs members
----------  ----------- ---------- ----------- ----- -------
00000000    00000000    00003048   00003048    r-x
  00000000    00000000    0000026c   0000026c    r-- .intvecs
  0000026c    0000026c    00002c76   00002c76    r-x .text
  00002ee4    00002ee4    00000124   00000124    r-- .const
  00003008    00003008    00000040   00000040    r-- .cinit
20000000    20000000    0000514c   00000000    rw-
  20000000    20000000    00004ef0   00000000    rw- .bss
  20004ef0    20004ef0    00000200   00000000    rw- .stack
  200050f0    200050f0    0000005c   00000000    rw- .data


SECTION ALLOCATION MAP

 output                                  attributes/
section   page    origin      length       input sections
--------  ----  ----------  ----------   ----------------
.intvecs   0    00000000    0000026c     
                  00000000    0000026c     tm4c123bh6pm_startup_ccs.obj (.intvecs)

.text      0    0000026c    00002c76     
                  0000026c    00001b1c     tasks.obj (.text)
                  00001d88    000001c4     port.obj (.text)
                  00001f4c    00000198     CAN.obj (.text)
                  000020e4    00000136     driverlib.lib : can.obj (.text:CANMessageSet)
                  0000221a    00000132                   : gpio.obj (.text:GPIOPadConfigSet)
                  0000234c    00000132     list.obj (.text)
                  0000247e    00000002     --HOLE-- [fill = 0]
                  00002480    00000110     driverlib.lib : sysctl.obj (.text:SysCtlClockGet)
                  00002590    0000010e                   : can.obj (.text:CANMessageGet)
                  0000269e    00000002     --HOLE-- [fill = 0]
                  000026a0    000000fc     main.obj (.text)
                  0000279c    000000f4     driverlib.lib : sysctl.obj (.text:SysCtlClockSet)
                  00002890    000000da     portasm.obj (.text)
                  0000296a    00000002     --HOLE-- [fill = 0]
                  0000296c    0000009c     heap_1.obj (.text)
                  00002a08    0000009c     rtsv7M4_T_le_v4SPD16_eabi.lib : memcpy_t2.asm.obj (.text)
                  00002aa4    0000007a                                   : memset_t2.asm.obj (.text)
                  00002b1e    00000002     --HOLE-- [fill = 0]
                  00002b20    0000006c     driverlib.lib : can.obj (.text:CANBitRateSet)
                  00002b8c    00000068     rtsv7M4_T_le_v4SPD16_eabi.lib : copy_decompress_lzss.c.obj (.text:decompress:lzss:__TI_decompress_lzss)
                  00002bf4    0000005c     GPIO.obj (.text)
                  00002c50    00000048     driverlib.lib : gpio.obj (.text:GPIOPinConfigure)
                  00002c98    00000044     rtsv7M4_T_le_v4SPD16_eabi.lib : autoinit.c.obj (.text:__TI_auto_init_nobinit_nopinit:__TI_auto_init_nobinit_nopinit)
                  00002cdc    00000040     driverlib.lib : can.obj (.text:CANStatusGet)
                  00002d1c    0000003a                   : can.obj (.text:CANInit)
                  00002d56    00000002     --HOLE-- [fill = 0]
                  00002d58    00000038                   : sysctl.obj (.text:SysCtlPeripheralReady)
                  00002d90    00000038     rtsv7M4_T_le_v4SPD16_eabi.lib : boot_cortex_m.c.obj (.text:_c_int00_noargs:_c_int00_noargs)
                  00002dc8    00000034     driverlib.lib : sysctl.obj (.text:SysCtlPeripheralEnable)
                  00002dfc    0000002a                   : gpio.obj (.text:GPIODirModeSet)
                  00002e26    0000002a                   : can.obj (.text:_CANDataRegRead)
                  00002e50    00000024                   : can.obj (.text:_CANDataRegWrite)
                  00002e74    00000018                   : gpio.obj (.text:GPIOPinTypeGPIOOutput)
                  00002e8c    00000012                   : gpio.obj (.text:GPIOPinTypeCAN)
                  00002e9e    0000000e     rtsv7M4_T_le_v4SPD16_eabi.lib : copy_decompress_none.c.obj (.text:decompress:none:__TI_decompress_none)
                  00002eac    0000000c                                   : copy_zero_init.c.obj (.text:decompress:ZI:__TI_zero_init)
                  00002eb8    0000000c     tm4c123bh6pm_startup_ccs.obj (.text)
                  00002ec4    0000000a     driverlib.lib : can.obj (.text:CANEnable)
                  00002ece    00000006                   : gpio.obj (.text:GPIOPinWrite)
                  00002ed4    00000006                   : sysctl.obj (.text:SysCtlDelay)
                  00002eda    00000004     rtsv7M4_T_le_v4SPD16_eabi.lib : pre_init.c.obj (.text:_system_pre_init)
                  00002ede    00000004                                   : exit.c.obj (.text:abort:abort)

.const     0    00002ee4    00000124     
                  00002ee4    00000090     driverlib.lib : gpio.obj (.const:g_pui32GPIOBaseAddrs)
                  00002f74    0000006c                   : sysctl.obj (.const:g_pui32Xtals)
                  00002fe0    00000020                   : can.obj (.const)
                  00003000    00000008     port.obj (.const)

.cinit     0    00003008    00000040     
                  00003008    00000017     (.cinit..data.load) [load image, compression = lzss]
                  0000301f    00000001     --HOLE-- [fill = 0]
                  00003020    0000000c     (__TI_handler_table)
                  0000302c    00000004     --HOLE-- [fill = 0]
                  00003030    00000008     (.cinit..bss.load) [load image, compression = zero_init]
                  00003038    00000010     (__TI_cinit_table)

.init_array 
*          0    00000000    00000000     UNINITIALIZED

.bss       0    20000000    00004ef0     UNINITIALIZED
                  20000000    00004e20     heap_1.obj (.bss:ucHeap)
                  20004e20    00000064     tasks.obj (.bss:pxReadyTasksLists)
                  20004e84    00000014     tasks.obj (.bss:xDelayedTaskList1)
                  20004e98    00000014     tasks.obj (.bss:xDelayedTaskList2)
                  20004eac    00000014     tasks.obj (.bss:xPendingReadyList)
                  20004ec0    00000014     tasks.obj (.bss:xSuspendedTaskList)
                  20004ed4    00000014     tasks.obj (.bss:xTasksWaitingTermination)
                  20004ee8    00000008     tasks.obj (.bss)

.data      0    200050f0    0000005c     UNINITIALIZED
                  200050f0    00000034     tasks.obj (.data)
                  20005124    00000010     CAN.obj (.data)
                  20005134    0000000c     port.obj (.data)
                  20005140    00000008     heap_1.obj (.data)
                  20005148    00000004     GPIO.obj (.data)

.stack     0    20004ef0    00000200     UNINITIALIZED
                  20004ef0    00000004     rtsv7M4_T_le_v4SPD16_eabi.lib : boot_cortex_m.c.obj (.stack)
                  20004ef4    000001fc     --HOLE--

MODULE SUMMARY

       Module                         code    ro data   rw data
       ------                         ----    -------   -------
    .\
       main.obj                       252     0         0      
    +--+------------------------------+-------+---------+---------+
       Total:                         252     0         0      
                                                               
    .\CAN\
       CAN.obj                        408     0         16     
    +--+------------------------------+-------+---------+---------+
       Total:                         408     0         16     
                                                               
    .\FreeRTOS_Files\
       heap_1.obj                     156     0         20008  
       tasks.obj                      6940    0         260    
       tm4c123bh6pm_startup_ccs.obj   12      620       0      
       port.obj                       452     8         12     
       list.obj                       306     0         0      
       portasm.obj                    218     0         0      
    +--+------------------------------+-------+---------+---------+
       Total:                         8084    628       20280  
                                                               
    .\GPIO\
       GPIO.obj                       92      0         4      
    +--+------------------------------+-------+---------+---------+
       Total:                         92      0         4      
                                                               
    C:/ti/TivaWare_C_Series-2.1.4.178/driverlib/ccs/Debug/driverlib.lib
       can.obj                        898     32        0      
       sysctl.obj                     630     108       0      
       gpio.obj                       468     144       0      
    +--+------------------------------+-------+---------+---------+
       Total:                         1996    284       0      
                                                               
    C:\ti\ccsv8\tools\compiler\ti-cgt-arm_18.1.1.LTS\lib\rtsv7M4_T_le_v4SPD16_eabi.lib
       memcpy_t2.asm.obj              156     0         0      
       memset_t2.asm.obj              122     0         0      
       copy_decompress_lzss.c.obj     104     0         0      
       autoinit.c.obj                 68      0         0      
       boot_cortex_m.c.obj            56      0         0      
       copy_decompress_none.c.obj     14      0         0      
       copy_zero_init.c.obj           12      0         0      
       exit.c.obj                     4       0         0      
       pre_init.c.obj                 4       0         0      
    +--+------------------------------+-------+---------+---------+
       Total:                         540     0         0      
                                                               
       Stack:                         0       0         512    
       Linker Generated:              0       59        0      
    +--+------------------------------+-------+---------+---------+
       Grand Total:                   11372   971       20812  


LINKER GENERATED COPY TABLES

__TI_cinit_table @ 00003038 records: 2, size/record: 8, table size: 16
	.data: load addr=00003008, load size=00000017 bytes, run addr=200050f0, run size=0000005c bytes, compression=lzss
	.bss: load addr=00003030, load size=00000008 bytes, run addr=20000000, run size=00004ef0 bytes, compression=zero_init


LINKER GENERATED HANDLER TABLE

__TI_handler_table @ 00003020 records: 3, size/record: 4, table size: 12
	index: 0, handler: __TI_decompress_lzss
	index: 1, handler: __TI_decompress_none
	index: 2, handler: __TI_zero_init


GLOBAL SYMBOLS: SORTED ALPHABETICALLY BY Name 

address   name                               
-------   ----                               
00002edf  C$$EXIT                            
00002059  CAN0_Receive                       
00001ff3  CAN0_Send                          
00002b21  CANBitRateSet                      
00002ec5  CANEnable                          
00002d1d  CANInit                            
00002591  CANMessageGet                      
000020e5  CANMessageSet                      
00002cdd  CANStatusGet                       
00001fa5  CAN_RX_Init                        
00001f4d  CAN_TX_Init                        
00002dfd  GPIODirModeSet                     
0000221b  GPIOPadConfigSet                   
00002c51  GPIOPinConfigure                   
00002e8d  GPIOPinTypeCAN                     
00002e75  GPIOPinTypeGPIOOutput              
00002ecf  GPIOPinWrite                       
00002eb9  ResetISR                           
00002481  SysCtlClockGet                     
0000279d  SysCtlClockSet                     
00002ed5  SysCtlDelay                        
00002dc9  SysCtlPeripheralEnable             
00002d59  SysCtlPeripheralReady              
200050f0  __STACK_END                        
00000200  __STACK_SIZE                       
200050f0  __STACK_TOP                        
00003038  __TI_CINIT_Base                    
00003048  __TI_CINIT_Limit                   
00003020  __TI_Handler_Table_Base            
0000302c  __TI_Handler_Table_Limit           
00002c99  __TI_auto_init_nobinit_nopinit     
00002b8d  __TI_decompress_lzss               
00002e9f  __TI_decompress_none               
ffffffff  __TI_pprof_out_hndl                
ffffffff  __TI_prof_data_size                
ffffffff  __TI_prof_data_start               
00000000  __TI_static_base__                 
00002ead  __TI_zero_init                     
00002aa5  __aeabi_memclr                     
00002aa5  __aeabi_memclr4                    
00002aa5  __aeabi_memclr8                    
00002a09  __aeabi_memcpy                     
00002a09  __aeabi_memcpy4                    
00002a09  __aeabi_memcpy8                    
00002aa7  __aeabi_memset                     
00002aa7  __aeabi_memset4                    
00002aa7  __aeabi_memset8                    
ffffffff  __binit__                          
ffffffff  __c_args__                         
UNDEFED   __mpu_init                         
20004ef0  __stack                            
00002d91  _c_int00_noargs                    
UNDEFED   _system_post_cinit                 
00002edb  _system_pre_init                   
00002edf  abort                              
ffffffff  binit                              
00000605  eTaskGetState                      
00000000  g_pfnVectors                       
20005130  handler_CAN_Rx                     
2000512c  handler_CAN_Tx                     
20005128  handler_init_CAN_Rx                
20005124  handler_init_CAN_Tx                
20005148  handler_init_GPIO                  
00002c1f  init_GPIO                          
000026a1  main                               
00002a09  memcpy                             
00002aad  memset                             
00000c0b  pcTaskGetName                      
0000296d  pvPortMalloc                       
00001879  pvTaskIncrementMutexHeldCount      
200050f0  pxCurrentTCB                       
00001d89  pxPortInitialiseStack              
00002bf5  toggle_LED_one                     
00003000  ulMaxSyscallInterruptPriority      
000028a1  ulPortGetIPSR                      
00001899  ulTaskNotifyTake                   
00002437  uxListRemove                       
00000c05  uxTaskGetNumberOfTasks             
0000157d  uxTaskGetStackHighWaterMark        
00000d9d  uxTaskGetSystemState               
000012e7  uxTaskGetTaskNumber                
000006b1  uxTaskPriorityGet                  
000006e1  uxTaskPriorityGetFromISR           
0000184d  uxTaskResetEventItemValue          
0000234d  vListInitialise                    
0000237d  vListInitialiseItem                
000023c9  vListInsert                        
0000238d  vListInsertEnd                     
0000295d  vPortEnableVFP                     
00001e87  vPortEndScheduler                  
00001e89  vPortEnterCritical                 
00001ea9  vPortExitCritical                  
000029dd  vPortFree                          
000029e7  vPortInitialiseBlocks              
00002919  vPortSVCHandler                    
00001ee5  vPortSetupTimerInterrupt           
00002939  vPortStartFirstTask                
00001f01  vPortValidateInterruptPriority     
000005c1  vTaskDelay                         
00000513  vTaskDelayUntil                    
00000483  vTaskDelete                        
00000a9f  vTaskEndScheduler                  
000013e9  vTaskGetInfo                       
00001219  vTaskInternalSetTimeOutState       
000012df  vTaskMissedYield                   
00001bcd  vTaskNotifyGiveFromISR             
000010a3  vTaskPlaceOnEventList              
000010c3  vTaskPlaceOnUnorderedEventList     
00001795  vTaskPriorityDisinheritAfterTimeout
00000731  vTaskPrioritySet                   
00001189  vTaskRemoveFromUnorderedEventList  
00000939  vTaskResume                        
00001307  vTaskSetTaskNumber                 
000011f1  vTaskSetTimeOutState               
00000a55  vTaskStartScheduler                
00000845  vTaskSuspend                       
00000abb  vTaskSuspendAll                    
0000101d  vTaskSwitchContext                 
000029ef  xPortGetFreeHeapSize               
000028b9  xPortPendSVHandler                 
00001df3  xPortStartScheduler                
00001ebf  xPortSysTickHandler                
00000e7d  xTaskAbortDelay                    
00001239  xTaskCheckForTimeOut               
0000026d  xTaskCreate                        
000019cb  xTaskGenericNotify                 
00001abd  xTaskGenericNotifyFromISR          
000015f5  xTaskGetCurrentTaskHandle          
00000d11  xTaskGetHandle                     
00000e6f  xTaskGetIdleTaskHandle             
00001621  xTaskGetSchedulerState             
00000bb9  xTaskGetTickCount                  
00000bd1  xTaskGetTickCountFromISR           
00000f09  xTaskIncrementTick                 
00001c81  xTaskNotifyStateClear              
00001921  xTaskNotifyWait                    
0000170f  xTaskPriorityDisinherit            
00001651  xTaskPriorityInherit               
000010f9  xTaskRemoveFromEventList           
00000ad1  xTaskResumeAll                     
000009b7  xTaskResumeFromISR                 


GLOBAL SYMBOLS: SORTED BY Symbol Address 

address   name                               
-------   ----                               
00000000  __TI_static_base__                 
00000000  g_pfnVectors                       
00000200  __STACK_SIZE                       
0000026d  xTaskCreate                        
00000483  vTaskDelete                        
00000513  vTaskDelayUntil                    
000005c1  vTaskDelay                         
00000605  eTaskGetState                      
000006b1  uxTaskPriorityGet                  
000006e1  uxTaskPriorityGetFromISR           
00000731  vTaskPrioritySet                   
00000845  vTaskSuspend                       
00000939  vTaskResume                        
000009b7  xTaskResumeFromISR                 
00000a55  vTaskStartScheduler                
00000a9f  vTaskEndScheduler                  
00000abb  vTaskSuspendAll                    
00000ad1  xTaskResumeAll                     
00000bb9  xTaskGetTickCount                  
00000bd1  xTaskGetTickCountFromISR           
00000c05  uxTaskGetNumberOfTasks             
00000c0b  pcTaskGetName                      
00000d11  xTaskGetHandle                     
00000d9d  uxTaskGetSystemState               
00000e6f  xTaskGetIdleTaskHandle             
00000e7d  xTaskAbortDelay                    
00000f09  xTaskIncrementTick                 
0000101d  vTaskSwitchContext                 
000010a3  vTaskPlaceOnEventList              
000010c3  vTaskPlaceOnUnorderedEventList     
000010f9  xTaskRemoveFromEventList           
00001189  vTaskRemoveFromUnorderedEventList  
000011f1  vTaskSetTimeOutState               
00001219  vTaskInternalSetTimeOutState       
00001239  xTaskCheckForTimeOut               
000012df  vTaskMissedYield                   
000012e7  uxTaskGetTaskNumber                
00001307  vTaskSetTaskNumber                 
000013e9  vTaskGetInfo                       
0000157d  uxTaskGetStackHighWaterMark        
000015f5  xTaskGetCurrentTaskHandle          
00001621  xTaskGetSchedulerState             
00001651  xTaskPriorityInherit               
0000170f  xTaskPriorityDisinherit            
00001795  vTaskPriorityDisinheritAfterTimeout
0000184d  uxTaskResetEventItemValue          
00001879  pvTaskIncrementMutexHeldCount      
00001899  ulTaskNotifyTake                   
00001921  xTaskNotifyWait                    
000019cb  xTaskGenericNotify                 
00001abd  xTaskGenericNotifyFromISR          
00001bcd  vTaskNotifyGiveFromISR             
00001c81  xTaskNotifyStateClear              
00001d89  pxPortInitialiseStack              
00001df3  xPortStartScheduler                
00001e87  vPortEndScheduler                  
00001e89  vPortEnterCritical                 
00001ea9  vPortExitCritical                  
00001ebf  xPortSysTickHandler                
00001ee5  vPortSetupTimerInterrupt           
00001f01  vPortValidateInterruptPriority     
00001f4d  CAN_TX_Init                        
00001fa5  CAN_RX_Init                        
00001ff3  CAN0_Send                          
00002059  CAN0_Receive                       
000020e5  CANMessageSet                      
0000221b  GPIOPadConfigSet                   
0000234d  vListInitialise                    
0000237d  vListInitialiseItem                
0000238d  vListInsertEnd                     
000023c9  vListInsert                        
00002437  uxListRemove                       
00002481  SysCtlClockGet                     
00002591  CANMessageGet                      
000026a1  main                               
0000279d  SysCtlClockSet                     
000028a1  ulPortGetIPSR                      
000028b9  xPortPendSVHandler                 
00002919  vPortSVCHandler                    
00002939  vPortStartFirstTask                
0000295d  vPortEnableVFP                     
0000296d  pvPortMalloc                       
000029dd  vPortFree                          
000029e7  vPortInitialiseBlocks              
000029ef  xPortGetFreeHeapSize               
00002a09  __aeabi_memcpy                     
00002a09  __aeabi_memcpy4                    
00002a09  __aeabi_memcpy8                    
00002a09  memcpy                             
00002aa5  __aeabi_memclr                     
00002aa5  __aeabi_memclr4                    
00002aa5  __aeabi_memclr8                    
00002aa7  __aeabi_memset                     
00002aa7  __aeabi_memset4                    
00002aa7  __aeabi_memset8                    
00002aad  memset                             
00002b21  CANBitRateSet                      
00002b8d  __TI_decompress_lzss               
00002bf5  toggle_LED_one                     
00002c1f  init_GPIO                          
00002c51  GPIOPinConfigure                   
00002c99  __TI_auto_init_nobinit_nopinit     
00002cdd  CANStatusGet                       
00002d1d  CANInit                            
00002d59  SysCtlPeripheralReady              
00002d91  _c_int00_noargs                    
00002dc9  SysCtlPeripheralEnable             
00002dfd  GPIODirModeSet                     
00002e75  GPIOPinTypeGPIOOutput              
00002e8d  GPIOPinTypeCAN                     
00002e9f  __TI_decompress_none               
00002ead  __TI_zero_init                     
00002eb9  ResetISR                           
00002ec5  CANEnable                          
00002ecf  GPIOPinWrite                       
00002ed5  SysCtlDelay                        
00002edb  _system_pre_init                   
00002edf  C$$EXIT                            
00002edf  abort                              
00003000  ulMaxSyscallInterruptPriority      
00003020  __TI_Handler_Table_Base            
0000302c  __TI_Handler_Table_Limit           
00003038  __TI_CINIT_Base                    
00003048  __TI_CINIT_Limit                   
20004ef0  __stack                            
200050f0  __STACK_END                        
200050f0  __STACK_TOP                        
200050f0  pxCurrentTCB                       
20005124  handler_init_CAN_Tx                
20005128  handler_init_CAN_Rx                
2000512c  handler_CAN_Tx                     
20005130  handler_CAN_Rx                     
20005148  handler_init_GPIO                  
ffffffff  __TI_pprof_out_hndl                
ffffffff  __TI_prof_data_size                
ffffffff  __TI_prof_data_start               
ffffffff  __binit__                          
ffffffff  __c_args__                         
ffffffff  binit                              
UNDEFED   __mpu_init                         
UNDEFED   _system_post_cinit                 

[141 symbols]
